AGEPRO VERSION 4.2

test_model_generic

Date & Time of Run: 22 Dec 2023  16:10

Input File Name:    test_model_generic.inp

First Age Class:                         1
Number of Age Classes:                  15
Number of Years in Projection:           5
Number of Fleets:                        9
Number of Recruitment Models:            1
Number of Bootstraps:                  100
Number of Simulations:                  10

Bootstrap File Name:            C:\Users\jon.brodziak\Desktop\2024 WCNPO MLS Rebuilding\Bootstrap-numbers-at-age\2023_WCNPOMLS.bsn

Number of Feasible Solutions:        998  of       1000 Realizations

Input Harvest Scenario

Year  Type        Fleet-1    Fleet-2    Fleet-3    Fleet-4    Fleet-5    Fleet-6    Fleet-7    Fleet-8    Fleet-9    

2021  Landings        287        114        595         53        174         78        150        270        281 
2022  Landings        287        114        595         53        174         78        150        270        281 
2023  Landings        287        114        595         53        174         78        150        270        281 
2024  Landings        287        114        595         53        174         78        150        270        281 
2025  Landings        287        114        595         53        174         78        150        270        281 

Recruits        1000  Fish

Year Class   Average        StdDev
2021        201.5610      106.6821
2022        297.4913      153.8919
2023        452.1981      236.8969
2024        577.1552      347.4154
2025        762.6274      522.5008

Recruits Distribution

Year Class 1%         5%         10%        25%        50%        75%        90%        95%        99%    
2021    47.2984    64.0178    76.2259   126.0749   190.1945   257.0870   325.1697   383.8901   518.7058
2022    65.2798    89.8491   115.8215   183.5852   276.8630   382.5998   492.7799   577.9670   778.3200
2023    91.9050   135.0302   168.0399   260.3227   430.5339   604.0295   767.5163   860.8385  1121.5800
2024    92.0474   148.8462   188.1123   313.8524   512.5151   765.9287  1032.3570  1210.8880  1614.0920
2025    89.7923   164.2464   209.1274   370.2393   645.1489  1011.1710  1456.4920  1753.2510  2386.5180

Spawning Stock Biomass  x       1000 MT

Year       Average        StdDev
2021        1.4759        0.4211
2022        2.1267        0.5618
2023        3.2567        0.9762
2024        4.1301        1.6647
2025        5.4586        2.5797

Spawning Stock Biomass Distribution

Year        1%         5%         10%        25%        50%        75%        90%        95%        99%   
2021     0.8375     0.9950     1.0938     1.2219     1.4047     1.6151     1.8996     2.1069     3.2881 
2022     1.0186     1.3725     1.5225     1.7470     2.0484     2.4368     2.8096     3.0888     3.9448 
2023     1.5045     1.8382     2.0304     2.5796     3.1795     3.8063     4.6260     5.0118     6.0164 
2024     1.4116     1.9335     2.2183     2.9744     3.8586     4.9517     6.3864     7.1923     9.0064 
2025     1.0854     2.0217     2.5648     3.6520     5.0080     6.8514     8.8797    10.1931    13.2002 

JAN-1 Stock Biomass  x       1000 MT

Year       Average        StdDev
2021        9.2843        1.5536
2022       10.6104        2.4906
2023       12.9114        4.0052
2024       17.2823        6.3421
2025       23.4853       10.0975

JAN-1 Stock Biomass Distribution

Year       1%         5%         10%        25%        50%        75%        90%        95%        99%    
2021     6.4321     7.0318     7.3766     8.1424     9.1902    10.1492    11.5521    12.1964    13.4426 
2022     6.2722     7.0699     7.6698     8.9255    10.2998    11.8924    14.0569    15.3053    17.4269 
2023     5.9449     7.6644     8.4472    10.1210    12.2945    14.8456    18.1356    19.9963    25.9995 
2024     6.3118     8.5794     9.9060    12.7189    16.4142    20.7634    25.8089    28.8126    35.9345 
2025     6.4853    10.0398    12.3415    16.1180    21.8535    28.9281    36.9876    41.6484    54.3049 

Mean Biomass  x       1000 MT

Year       Average        StdDev
2021        8.8239        1.7031
2022        9.9992        2.6849
2023       12.3107        4.2512
2024       16.9016        6.6762
2025       23.1092       10.2227

Mean Biomass Distribution

Year       1%         5%         10%        25%        50%        75%        90%        95%        99%    
2021     5.6421     6.3032     6.7361     7.6147     8.7309     9.7646    11.1851    11.9879    13.5449 
2022     5.4956     6.2866     6.8945     8.2021     9.6387    11.3965    13.3898    14.8790    17.3675 
2023     5.2699     6.8395     7.5551     9.4467    11.6641    14.3669    17.7925    19.9977    24.9900 
2024     5.2294     7.5518     9.2552    12.0966    16.0543    20.7146    25.6819    28.6270    36.1737 
2025     5.1724     9.2367    11.5466    15.7895    21.3825    29.0738    37.1127    41.8142    53.0301 

Combined Catch Biomass  x       1000 MT

Year       Average        StdDev
2021        2.0000        0.0000
2022        2.0000        0.0000
2023        2.0000        0.0000
2024        2.0000        0.0000
2025        1.9960        0.0894

Combined Catch Distribution

Year       1%         5%         10%        25%        50%        75%        90%        95%        99%    
2021     2.0000     2.0000     2.0000     2.0000     2.0000     2.0000     2.0000     2.0000     2.0000 
2022     2.0000     2.0000     2.0000     2.0000     2.0000     2.0000     2.0000     2.0000     2.0000 
2023     2.0000     2.0000     2.0000     2.0000     2.0000     2.0000     2.0000     2.0000     2.0000 
2024     2.0000     2.0000     2.0000     2.0000     2.0000     2.0000     2.0000     2.0000     2.0000 
2025     2.0000     2.0000     2.0000     2.0000     2.0000     2.0000     2.0000     2.0000     2.0000 

Landings  x       1000 MT

Year       Average        StdDev
2021        2.0000        0.0000
2022        2.0000        0.0000
2023        2.0000        0.0000
2024        2.0000        0.0000
2025        1.9960        0.0894

Landings Distribution

Year       1%         5%         10%        25%        50%        75%        90%        95%        99%    
2021     2.0000     2.0000     2.0000     2.0000     2.0000     2.0000     2.0000     2.0000     2.0000 
2022     2.0000     2.0000     2.0000     2.0000     2.0000     2.0000     2.0000     2.0000     2.0000 
2023     2.0000     2.0000     2.0000     2.0000     2.0000     2.0000     2.0000     2.0000     2.0000 
2024     2.0000     2.0000     2.0000     2.0000     2.0000     2.0000     2.0000     2.0000     2.0000 
2025     2.0000     2.0000     2.0000     2.0000     2.0000     2.0000     2.0000     2.0000     2.0000 

Total Fishing Mortality

Year       Average        StdDev
2021        0.7127        0.1318
2022        0.5262        0.1217
2023        0.4261        0.1351
2024        0.3507        0.1555
2025        0.2657        0.1604

Total Fishing Mortality Distribution

Year       1%         5%         10%        25%        50%        75%        90%        95%        99%    
2021     0.3731     0.5201     0.5643     0.6228     0.7099     0.7912     0.8679     0.9287     1.1171 
2022     0.3007     0.3483     0.3786     0.4490     0.5113     0.5853     0.7034     0.7622     0.8827 
2023     0.2119     0.2449     0.2796     0.3336     0.4054     0.4835     0.6125     0.6882     0.8076 
2024     0.1412     0.1776     0.2014     0.2482     0.3213     0.4132     0.5293     0.6224     0.8792 
2025     0.0919     0.1206     0.1385     0.1732     0.2305     0.3166     0.4268     0.5432     0.9111 

JAN-1 Stock Numbers at Age  -       1000  Fish

2021

Age        1%         5%         10%        25%        50%        75%        90%        95%        99%    
1      140.2370   175.0900   184.8320   216.7130   261.1480   317.3690   385.6290   409.5080   464.9250
2       58.9389    77.9477    80.8620    85.4451   100.4175   112.5240   125.3470   138.4980   148.4390
3       34.1986    41.3466    43.5177    47.9381    54.8765    60.4455    67.3245    74.4817    84.8335
4        4.4701     6.3288     7.3712     8.3369     9.5330    10.8358    12.5169    14.0136    20.6054
5        1.2938     1.6031     1.7337     2.2441     2.6907     3.2695     4.2092     4.8898     7.4995
6        0.2917     0.4842     0.6024     0.6936     0.9665     1.2287     1.8234     2.1765     5.0518
7        0.0278     0.0584     0.0739     0.1025     0.1591     0.2261     0.3164     0.3996     1.3049
8        0.0082     0.0292     0.0370     0.0584     0.1092     0.1670     0.2575     0.4456     2.1858
9        0.0003     0.0014     0.0021     0.0035     0.0085     0.0144     0.0223     0.0334     0.2402
10        0.0001     0.0005     0.0007     0.0015     0.0043     0.0069     0.0143     0.0242     0.2609
11        0.0000     0.0001     0.0002     0.0004     0.0014     0.0028     0.0051     0.0082     0.1988
12        0.0000     0.0000     0.0000     0.0000     0.0001     0.0003     0.0005     0.0008     0.0280
13        0.0000     0.0000     0.0000     0.0000     0.0000     0.0002     0.0003     0.0005     0.0316
14        0.0000     0.0000     0.0000     0.0000     0.0000     0.0000     0.0001     0.0001     0.0183
15+       0.0000     0.0000     0.0000     0.0000     0.0000     0.0000     0.0000     0.0000     0.0127

2022

Age        1%         5%         10%        25%        50%        75%        90%        95%        99%    
1       47.2984    64.0178    76.2259   126.0749   190.1945   257.0870   325.1697   383.8901   518.7058
2       86.9317   104.2476   109.4318   127.4508   154.9531   188.4082   230.3665   249.0032   291.1028
3       27.6355    37.5420    40.3257    43.8435    51.4354    59.5402    68.2406    74.3396    85.1757
4       12.7437    15.8939    17.8522    20.3998    23.5735    27.9071    32.6186    36.4478    44.1300
5        1.6431     2.2873     2.7531     3.2432     3.8653     4.6286     5.7177     6.2513    10.7421
6        0.4304     0.5216     0.6182     0.8451     1.0309     1.3410     1.8164     2.1333     3.9044
7        0.1039     0.1801     0.2068     0.2640     0.3589     0.4996     0.7875     0.9395     2.7171
8        0.0101     0.0216     0.0278     0.0385     0.0600     0.0921     0.1443     0.1755     0.6903
9        0.0032     0.0106     0.0139     0.0234     0.0424     0.0699     0.1153     0.1905     1.1884
10        0.0001     0.0005     0.0008     0.0014     0.0033     0.0061     0.0099     0.0161     0.1292
11        0.0000     0.0002     0.0003     0.0006     0.0017     0.0029     0.0069     0.0111     0.1389
12        0.0000     0.0000     0.0001     0.0002     0.0006     0.0011     0.0023     0.0037     0.1085
13        0.0000     0.0000     0.0000     0.0000     0.0000     0.0001     0.0002     0.0004     0.0152
14        0.0000     0.0000     0.0000     0.0000     0.0000     0.0001     0.0001     0.0002     0.0177
15+       0.0000     0.0000     0.0000     0.0000     0.0000     0.0000     0.0000     0.0001     0.0177

2023

Age        1%         5%         10%        25%        50%        75%        90%        95%        99%    
1       65.2798    89.8491   115.8215   183.5852   276.8630   382.5998   492.7799   577.9670   778.3200
2       27.3884    38.0830    45.8903    75.0389   113.2738   154.0073   198.1619   231.1691   323.1195
3       42.8388    52.9122    57.6834    67.2674    85.0481   105.8784   131.0882   144.2602   170.3194
4       11.3405    16.1891    18.0293    20.7968    25.2095    30.2508    35.7823    39.4165    45.2667
5        4.6541     6.4279     7.5022     9.1665    10.9083    13.5690    16.1667    18.6347    24.9341
6        0.5644     0.9179     1.1191     1.4234     1.7250     2.1934     2.8329     3.1456     5.8051
7        0.1621     0.2000     0.2592     0.3593     0.4737     0.6220     0.8829     1.0475     2.1528
8        0.0415     0.0761     0.0847     0.1175     0.1660     0.2371     0.3897     0.4604     1.5134
9        0.0045     0.0095     0.0121     0.0172     0.0273     0.0435     0.0700     0.0905     0.3877
10        0.0014     0.0047     0.0063     0.0110     0.0191     0.0337     0.0594     0.0934     0.6963
11        0.0001     0.0002     0.0003     0.0007     0.0015     0.0030     0.0052     0.0084     0.0723
12        0.0000     0.0001     0.0001     0.0003     0.0008     0.0015     0.0035     0.0056     0.0790
13        0.0000     0.0000     0.0000     0.0001     0.0003     0.0006     0.0012     0.0019     0.0617
14        0.0000     0.0000     0.0000     0.0000     0.0000     0.0001     0.0001     0.0002     0.0093
15+       0.0000     0.0000     0.0000     0.0000     0.0000     0.0000     0.0001     0.0002     0.0205

2024

Age        1%         5%         10%        25%        50%        75%        90%        95%        99%    
1       91.9050   135.0302   168.0399   260.3227   430.5339   604.0295   767.5163   860.8385  1121.5800
2       39.4467    53.6840    68.6590   108.1211   164.1255   233.1791   302.9257   355.3191   491.4441
3       14.2345    19.6386    24.6428    41.0015    63.0150    88.6144   116.6745   136.1429   195.7364
4       18.4914    23.6608    26.7737    33.6691    44.4169    56.9096    72.8732    80.9955    97.6401
5        4.3597     6.5284     7.7627    10.0832    12.6808    15.7001    19.5808    21.4014    26.1812
6        1.6949     2.6160     3.1515     4.2483     5.3980     6.9294     8.6474    10.2210    14.9064
7        0.2081     0.3812     0.4829     0.6632     0.8517     1.1167     1.4987     1.7270     3.2890
8        0.0614     0.0849     0.1137     0.1724     0.2321     0.3221     0.4737     0.5767     1.3007
9        0.0179     0.0316     0.0383     0.0564     0.0832     0.1203     0.2117     0.2517     0.8607
10        0.0020     0.0044     0.0055     0.0084     0.0135     0.0222     0.0375     0.0494     0.2371
11        0.0006     0.0023     0.0030     0.0054     0.0097     0.0177     0.0322     0.0493     0.4144
12        0.0000     0.0001     0.0002     0.0003     0.0007     0.0016     0.0029     0.0045     0.0446
13        0.0000     0.0000     0.0001     0.0002     0.0004     0.0008     0.0020     0.0033     0.0466
14        0.0000     0.0000     0.0000     0.0000     0.0001     0.0003     0.0006     0.0011     0.0390
15+       0.0000     0.0000     0.0000     0.0000     0.0000     0.0001     0.0001     0.0002     0.0175

2025

Age        1%         5%         10%        25%        50%        75%        90%        95%        99%    
1       92.0474   148.8462   188.1123   313.8524   512.5151   765.9287  1032.3570  1210.8880  1614.0920
2       55.0313    79.6812   100.5189   154.9458   259.6295   367.8798   475.0705   532.3352   685.7574
3       18.7981    28.9386    38.1195    60.8678    94.2907   138.9079   185.2171   215.2491   291.1684
4        6.2437     9.7178    12.7795    21.0188    34.3701    49.8847    67.3586    82.1919   122.6844
5        7.1995    10.0890    12.4596    17.2143    23.6780    31.4811    41.8318    47.0210    59.0784
6        1.7297     2.6414     3.3943     5.0374     6.7244     8.7154    11.2110    12.4851    15.4767
7        0.6299     1.0811     1.4350     2.1071     2.8992     3.8399     4.9388     5.9144     8.8169
8        0.0795     0.1573     0.2201     0.3373     0.4522     0.6185     0.8677     1.0296     2.0289
9        0.0232     0.0386     0.0531     0.0895     0.1264     0.1790     0.2682     0.3467     0.7776
10        0.0072     0.0140     0.0186     0.0286     0.0446     0.0681     0.1201     0.1490     0.5458
11        0.0009     0.0021     0.0027     0.0044     0.0075     0.0124     0.0216     0.0291     0.1478
12        0.0003     0.0011     0.0016     0.0028     0.0053     0.0098     0.0189     0.0278     0.2576
13        0.0000     0.0001     0.0001     0.0002     0.0004     0.0009     0.0017     0.0027     0.0278
14        0.0000     0.0000     0.0000     0.0001     0.0002     0.0005     0.0011     0.0020     0.0312
15+       0.0000     0.0000     0.0000     0.0000     0.0001     0.0002     0.0004     0.0008     0.0366

Probability Spawning Stock Biomass Exceeds Threshold      3.000 (1000 MT)

Year    Probability

2021    0.012000
2022    0.061000
2023    0.569000
2024    0.743000
2025    0.846000

Probability Threshold Exceeded at Least Once =     0.8640

Probability Total Fishing Mortality Exceeds Threshold     0.6000 

Year    Probability

2021    0.804000
2022    0.229000
2023    0.111000
2024    0.059000
2025    0.037000

Probability Threshold Exceeded at Least Once =     0.8040


Requested Percentile Report

Percentile =    50.00 %

                                 2021       2022       2023       2024       2025 

Recruits                     190.1945   276.8630   430.5339   512.5151   645.1489 
Spawning Stock Biomass         1.4047     2.0484     3.1795     3.8586     5.0080 
Jan-1 Stock Biomass            9.1902    10.2998    12.2945    16.4142    21.8535 
Mean Biomass                   8.7309     9.6387    11.6641    16.0543    21.3825 
Combined Catch Biomass         2.0000     2.0000     2.0000     2.0000     2.0000 
Landings                       2.0000     2.0000     2.0000     2.0000     2.0000 
FMort                          0.7099     0.5113     0.4054     0.3213     0.2305 

Stock Numbers at Age
Age 1                        261.1480   190.1945   276.8630   430.5339   512.5151 
Age 2                        100.4175   154.9531   113.2738   164.1255   259.6295 
Age 3                         54.8765    51.4354    85.0481    63.0150    94.2907 
Age 4                          9.5330    23.5735    25.2095    44.4169    34.3701 
Age 5                          2.6907     3.8653    10.9083    12.6808    23.6780 
Age 6                          0.9665     1.0309     1.7250     5.3980     6.7244 
Age 7                          0.1591     0.3589     0.4737     0.8517     2.8992 
Age 8                          0.1092     0.0600     0.1660     0.2321     0.4522 
Age 9                          0.0085     0.0424     0.0273     0.0832     0.1264 
Age 10                          0.0043     0.0033     0.0191     0.0135     0.0446 
Age 11                          0.0014     0.0017     0.0015     0.0097     0.0075 
Age 12                          0.0001     0.0006     0.0008     0.0007     0.0053 
Age 13                          0.0000     0.0000     0.0003     0.0004     0.0004 
Age 14                          0.0000     0.0000     0.0000     0.0001     0.0002 
Age 15                          0.0000     0.0000     0.0000     0.0000     0.0001 
