AGEPRO VERSION 4.2

test_model_5

Date & Time of Run: 04 Jan 2024  22:30

Input File Name:    test_model_5.inp

First Age Class:                         1
Number of Age Classes:                  15
Number of Years in Projection:           5
Number of Fleets:                        9
Number of Recruitment Models:            1
Number of Bootstraps:                  100
Number of Simulations:                  10

Bootstrap File Name:            C:\Users\jon.brodziak\Desktop\2024 WCNPO MLS Rebuilding\Bootstrap-numbers-at-age\2023_WCNPOMLS.bsn

Number of Feasible Solutions:       1000  of       1000 Realizations

Input Harvest Scenario

Year  Type        Fleet-1    Fleet-2    Fleet-3    Fleet-4    Fleet-5    Fleet-6    Fleet-7    Fleet-8    Fleet-9    

2021  Landings        359        142        743         66        217         97        187        337        351 
2022  Landings        359        142        743         66        217         97        187        337        351 
2023  Landings        359        142        743         66        217         97        187        337        351 
2024  Landings        359        142        743         66        217         97        187        337        351 
2025  Landings        359        142        743         66        217         97        187        337        351 

Recruits        1000  Fish

Year Class   Average        StdDev
2021        210.8084      152.7240
2022        229.1459      150.0844
2023        251.5379      173.7690
2024        254.0498      166.0870
2025        255.3236      186.6122

Recruits Distribution

Year Class 1%         5%         10%        25%        50%        75%        90%        95%        99%    
2021    41.7029    63.8314    77.9849   112.8723   175.9373   264.7944   354.3061   482.2123   879.5974
2022    42.0661    66.3539    88.8019   127.1371   188.8401   292.4267   413.5827   518.8405   730.9823
2023    49.8555    74.0782    92.3922   134.0593   205.4790   312.3389   474.7120   574.4408   855.7262
2024    45.4764    72.2164    92.0368   135.7039   212.2605   319.2272   465.5413   575.9328   867.6660
2025    42.9085    74.2586    89.1155   133.8920   207.2164   314.4330   454.8872   620.3825   970.4313

Spawning Stock Biomass  x       1000 MT

Year       Average        StdDev
2021        1.3853        0.4145
2022        1.8119        0.5339
2023        2.6627        0.9261
2024        3.2459        1.7309
2025        3.7563        2.3400

Spawning Stock Biomass Distribution

Year        1%         5%         10%        25%        50%        75%        90%        95%        99%   
2021     0.7359     0.9156     1.0120     1.1332     1.3192     1.5427     1.7888     1.9768     3.1929 
2022     0.7295     1.1113     1.2324     1.4430     1.7414     2.0899     2.4540     2.7754     3.6896 
2023     0.8568     1.2816     1.5382     2.0115     2.5906     3.1602     3.9322     4.4129     5.2038 
2024     0.4548     1.0441     1.3912     2.1707     2.9888     3.9680     5.2685     6.2093     8.9034 
2025     0.2689     0.8267     1.2686     2.1829     3.3433     4.7602     6.7575     7.9542    12.3485 

JAN-1 Stock Biomass  x       1000 MT

Year       Average        StdDev
2021        9.3100        1.6297
2022       10.3711        2.8543
2023       11.4032        3.7635
2024       12.5520        4.8019
2025       13.6405        5.6219

JAN-1 Stock Biomass Distribution

Year       1%         5%         10%        25%        50%        75%        90%        95%        99%    
2021     6.3124     6.9151     7.3152     8.1521     9.1693    10.1564    11.6285    12.4805    13.5033 
2022     5.7865     6.6438     7.2632     8.5110     9.9404    11.6082    13.9129    15.1781    19.7490 
2023     4.9841     6.4303     7.1954     8.9512    10.7338    13.1046    16.3836    18.4922    23.2200 
2024     4.7989     6.2378     7.1399     9.1975    11.7630    14.9907    19.0600    21.3195    28.4260 
2025     4.2158     6.1104     7.1043     9.6690    12.7883    16.7126    20.9685    24.0928    31.2310 

Mean Biomass  x       1000 MT

Year       Average        StdDev
2021        8.6252        1.6732
2022        9.5496        3.0570
2023       10.4814        3.9069
2024       11.5990        4.8906
2025       12.6722        5.7546

Mean Biomass Distribution

Year       1%         5%         10%        25%        50%        75%        90%        95%        99%    
2021     5.5494     6.0967     6.5573     7.4438     8.4612     9.5989    10.8745    11.5663    13.6024 
2022     4.6507     5.6341     6.2864     7.6305     9.1314    10.8190    13.2834    14.9087    19.6265 
2023     4.0214     5.4411     6.2092     7.9271     9.8387    12.4123    15.6974    18.0344    23.3588 
2024     3.6208     5.3876     6.0727     8.0940    10.8410    14.0484    18.3673    20.5114    27.4351 
2025     3.1649     5.0948     6.1838     8.6650    11.7689    15.7103    20.3739    23.3405    29.0724 

Combined Catch Biomass  x       1000 MT

Year       Average        StdDev
2021        2.5000        0.0000
2022        2.5000        0.0000
2023        2.5000        0.0000
2024        2.5000        0.0000
2025        2.5000        0.0000

Combined Catch Distribution

Year       1%         5%         10%        25%        50%        75%        90%        95%        99%    
2021     2.5000     2.5000     2.5000     2.5000     2.5000     2.5000     2.5000     2.5000     2.5000 
2022     2.5000     2.5000     2.5000     2.5000     2.5000     2.5000     2.5000     2.5000     2.5000 
2023     2.5000     2.5000     2.5000     2.5000     2.5000     2.5000     2.5000     2.5000     2.5000 
2024     2.5000     2.5000     2.5000     2.5000     2.5000     2.5000     2.5000     2.5000     2.5000 
2025     2.5000     2.5000     2.5000     2.5000     2.5000     2.5000     2.5000     2.5000     2.5000 

Landings  x       1000 MT

Year       Average        StdDev
2021        2.5000        0.0000
2022        2.5000        0.0000
2023        2.5000        0.0000
2024        2.5000        0.0000
2025        2.5000        0.0000

Landings Distribution

Year       1%         5%         10%        25%        50%        75%        90%        95%        99%    
2021     2.5000     2.5000     2.5000     2.5000     2.5000     2.5000     2.5000     2.5000     2.5000 
2022     2.5000     2.5000     2.5000     2.5000     2.5000     2.5000     2.5000     2.5000     2.5000 
2023     2.5000     2.5000     2.5000     2.5000     2.5000     2.5000     2.5000     2.5000     2.5000 
2024     2.5000     2.5000     2.5000     2.5000     2.5000     2.5000     2.5000     2.5000     2.5000 
2025     2.5000     2.5000     2.5000     2.5000     2.5000     2.5000     2.5000     2.5000     2.5000 

Total Fishing Mortality

Year       Average        StdDev
2021        0.9371        0.1836
2022        0.7382        0.1895
2023        0.6428        0.2512
2024        0.6195        0.3752
2025        0.6129        0.5954

Total Fishing Mortality Distribution

Year       1%         5%         10%        25%        50%        75%        90%        95%        99%    
2021     0.4859     0.6700     0.7303     0.8088     0.9290     1.0388     1.1523     1.2131     1.5485 
2022     0.3989     0.4712     0.5227     0.6177     0.7048     0.8306     0.9890     1.0940     1.2972 
2023     0.2719     0.3515     0.3973     0.4842     0.5884     0.7316     0.9551     1.0824     1.6930 
2024     0.1904     0.2679     0.3192     0.4077     0.5328     0.7033     1.0091     1.2428     2.0528 
2025     0.1637     0.2212     0.2623     0.3508     0.4764     0.6833     1.0502     1.3193     2.6716 

JAN-1 Stock Numbers at Age  -       1000  Fish

2021

Age        1%         5%         10%        25%        50%        75%        90%        95%        99%    
1      140.2370   175.0900   184.8320   216.7130   261.1480   317.3690   385.6290   409.5080   464.9250
2       58.9389    77.9477    80.8620    85.4451   100.4175   112.5240   125.3470   138.4980   148.4390
3       34.1986    41.3466    43.5177    47.9381    54.8765    60.4455    67.3245    74.4817    84.8335
4        4.4701     6.3288     7.3712     8.3369     9.5330    10.8358    12.5169    14.0136    20.6054
5        1.2938     1.6031     1.7337     2.2441     2.6907     3.2695     4.2092     4.8898     7.4995
6        0.2917     0.4842     0.6024     0.6936     0.9665     1.2287     1.8234     2.1765     5.0518
7        0.0278     0.0584     0.0739     0.1025     0.1591     0.2261     0.3164     0.3996     1.3049
8        0.0082     0.0292     0.0370     0.0584     0.1092     0.1670     0.2575     0.4456     2.1858
9        0.0003     0.0014     0.0021     0.0035     0.0085     0.0144     0.0223     0.0334     0.2402
10        0.0001     0.0005     0.0007     0.0015     0.0043     0.0069     0.0143     0.0242     0.2609
11        0.0000     0.0001     0.0002     0.0004     0.0014     0.0028     0.0051     0.0082     0.1988
12        0.0000     0.0000     0.0000     0.0000     0.0001     0.0003     0.0005     0.0008     0.0280
13        0.0000     0.0000     0.0000     0.0000     0.0000     0.0002     0.0003     0.0005     0.0316
14        0.0000     0.0000     0.0000     0.0000     0.0000     0.0000     0.0001     0.0001     0.0183
15+       0.0000     0.0000     0.0000     0.0000     0.0000     0.0000     0.0000     0.0000     0.0127

2022

Age        1%         5%         10%        25%        50%        75%        90%        95%        99%    
1       41.7029    63.8314    77.9849   112.8723   175.9373   264.7944   354.3061   482.2123   879.5974
2       84.3130   100.9152   108.5247   124.7911   153.4384   185.3308   228.8542   247.6552   280.9260
3       24.2127    34.8489    37.5090    40.6711    47.8733    56.3719    64.1950    69.7265    79.9666
4        9.9062    13.3773    15.3119    17.5816    20.6685    24.8381    29.2634    32.9111    42.5423
5        1.2149     1.8693     2.2225     2.7043     3.2598     4.0385     4.9825     5.5465     9.7211
6        0.3477     0.4152     0.4997     0.7053     0.8670     1.1465     1.5907     1.8850     3.5679
7        0.0770     0.1461     0.1666     0.2217     0.3024     0.4374     0.6841     0.8565     2.4746
8        0.0082     0.0179     0.0227     0.0325     0.0502     0.0788     0.1240     0.1567     0.6543
9        0.0025     0.0090     0.0116     0.0198     0.0350     0.0610     0.1006     0.1709     1.0585
10        0.0001     0.0004     0.0006     0.0012     0.0027     0.0052     0.0085     0.0137     0.1231
11        0.0000     0.0002     0.0002     0.0006     0.0014     0.0026     0.0062     0.0098     0.1320
12        0.0000     0.0000     0.0001     0.0001     0.0005     0.0010     0.0021     0.0034     0.0999
13        0.0000     0.0000     0.0000     0.0000     0.0000     0.0001     0.0002     0.0003     0.0144
14        0.0000     0.0000     0.0000     0.0000     0.0000     0.0001     0.0001     0.0002     0.0168
15+       0.0000     0.0000     0.0000     0.0000     0.0000     0.0000     0.0000     0.0001     0.0173

2023

Age        1%         5%         10%        25%        50%        75%        90%        95%        99%    
1       42.0661    66.3539    88.8019   127.1371   188.8401   292.4267   413.5827   518.8405   730.9823
2       24.6250    36.0048    45.5560    66.1916   103.8096   156.0934   215.9491   286.7373   543.8341
3       36.3926    47.4270    52.0880    61.8934    79.2567    98.4396   123.8319   135.8338   156.3816
4        7.5706    12.0966    14.1552    16.8856    21.0610    25.7678    30.4554    34.1718    40.3558
5        2.6909     4.4323     5.2068     6.5064     8.3266    10.4781    13.1621    15.1324    21.4434
6        0.2949     0.5892     0.7560     0.9733     1.2475     1.6556     2.1840     2.5403     4.9462
7        0.0868     0.1315     0.1687     0.2449     0.3343     0.4636     0.6682     0.8625     1.8244
8        0.0226     0.0479     0.0556     0.0810     0.1175     0.1749     0.3005     0.3636     1.1945
9        0.0026     0.0065     0.0079     0.0122     0.0195     0.0324     0.0535     0.0693     0.3300
10        0.0009     0.0032     0.0044     0.0077     0.0138     0.0252     0.0468     0.0731     0.5606
11        0.0000     0.0002     0.0002     0.0005     0.0010     0.0022     0.0041     0.0064     0.0642
12        0.0000     0.0001     0.0001     0.0002     0.0006     0.0011     0.0029     0.0046     0.0699
13        0.0000     0.0000     0.0000     0.0001     0.0002     0.0004     0.0009     0.0016     0.0543
14        0.0000     0.0000     0.0000     0.0000     0.0000     0.0000     0.0001     0.0002     0.0084
15+       0.0000     0.0000     0.0000     0.0000     0.0000     0.0000     0.0001     0.0001     0.0189

2024

Age        1%         5%         10%        25%        50%        75%        90%        95%        99%    
1       49.8555    74.0782    92.3922   134.0593   205.4790   312.3389   474.7120   574.4408   855.7262
2       23.7791    39.0787    51.4647    73.8596   112.0969   175.9732   246.3971   310.8688   450.3582
3       10.1220    16.8650    21.6687    33.8298    54.0370    85.6731   121.1608   160.5094   307.4956
4        9.7998    16.9892    19.9038    26.6044    36.9292    47.5385    62.9378    71.2906    82.9569
5        1.7300     3.7356     4.7385     6.7912     9.1741    11.8732    14.7880    16.8895    20.4112
6        0.6483     1.2851     1.7547     2.5279     3.5452     4.7639     6.2755     7.3639    10.8449
7        0.0595     0.1688     0.2478     0.3794     0.5376     0.7437     1.0355     1.2603     2.5074
8        0.0237     0.0404     0.0564     0.0980     0.1447     0.2138     0.3068     0.4201     0.9617
9        0.0064     0.0139     0.0205     0.0332     0.0515     0.0786     0.1426     0.1837     0.6501
10        0.0008     0.0023     0.0031     0.0051     0.0086     0.0143     0.0256     0.0352     0.1877
11        0.0004     0.0012     0.0018     0.0032     0.0060     0.0112     0.0233     0.0355     0.3273
12        0.0000     0.0001     0.0001     0.0002     0.0005     0.0010     0.0020     0.0031     0.0349
13        0.0000     0.0000     0.0000     0.0001     0.0002     0.0005     0.0014     0.0023     0.0414
14        0.0000     0.0000     0.0000     0.0000     0.0001     0.0002     0.0005     0.0008     0.0339
15+       0.0000     0.0000     0.0000     0.0000     0.0000     0.0000     0.0001     0.0001     0.0155

2025

Age        1%         5%         10%        25%        50%        75%        90%        95%        99%    
1       45.4764    72.2164    92.0368   135.7039   212.2605   319.2272   465.5413   575.9328   867.6660
2       27.7209    44.1277    52.9937    78.9198   122.0186   188.5776   288.4737   356.3191   509.7782
3        9.8847    18.5288    25.2173    37.4678    59.2769    96.0055   140.4792   180.3129   268.2009
4        2.0848     5.6559     7.7953    14.7262    24.9858    44.1326    63.8020    88.5560   182.0277
5        1.3151     4.6655     6.5648    11.0003    16.7983    23.0727    31.3313    37.0408    45.3787
6        0.2679     0.9558     1.5227     2.7158     4.1261     5.7676     7.3909     8.8975    11.3202
7        0.0734     0.3340     0.5526     1.0084     1.5971     2.2814     3.1094     3.8230     6.0275
8        0.0073     0.0459     0.0785     0.1563     0.2450     0.3487     0.5281     0.6719     1.3095
9        0.0035     0.0123     0.0211     0.0408     0.0658     0.1027     0.1544     0.2227     0.5198
10        0.0013     0.0041     0.0076     0.0141     0.0241     0.0392     0.0699     0.0957     0.3557
11        0.0002     0.0006     0.0012     0.0022     0.0039     0.0070     0.0126     0.0184     0.1080
12        0.0001     0.0004     0.0007     0.0013     0.0028     0.0056     0.0118     0.0179     0.1758
13        0.0000     0.0000     0.0000     0.0001     0.0002     0.0005     0.0010     0.0016     0.0192
14        0.0000     0.0000     0.0000     0.0000     0.0001     0.0003     0.0007     0.0013     0.0225
15+       0.0000     0.0000     0.0000     0.0000     0.0000     0.0001     0.0003     0.0005     0.0284

Probability Spawning Stock Biomass Exceeds Threshold      3.000 (1000 MT)

Year    Probability

2021    0.014000
2022    0.027000
2023    0.318000
2024    0.495000
2025    0.568000

Probability Threshold Exceeded at Least Once =     0.6330

Probability Total Fishing Mortality Exceeds Threshold     0.6000 

Year    Probability

2021    0.980000
2022    0.781000
2023    0.474000
2024    0.378000
2025    0.324000

Probability Threshold Exceeded at Least Once =     0.9800


Requested Percentile Report

Percentile =    50.00 %

                                 2021       2022       2023       2024       2025 

Recruits                     175.9373   188.8401   205.4790   212.2605   207.2164 
Spawning Stock Biomass         1.3192     1.7414     2.5906     2.9888     3.3433 
Jan-1 Stock Biomass            9.1693     9.9404    10.7338    11.7630    12.7883 
Mean Biomass                   8.4612     9.1314     9.8387    10.8410    11.7689 
Combined Catch Biomass         2.5000     2.5000     2.5000     2.5000     2.5000 
Landings                       2.5000     2.5000     2.5000     2.5000     2.5000 
FMort                          0.9290     0.7048     0.5884     0.5328     0.4764 

Stock Numbers at Age
Age 1                        261.1480   175.9373   188.8401   205.4790   212.2605 
Age 2                        100.4175   153.4384   103.8096   112.0969   122.0186 
Age 3                         54.8765    47.8733    79.2567    54.0370    59.2769 
Age 4                          9.5330    20.6685    21.0610    36.9292    24.9858 
Age 5                          2.6907     3.2598     8.3266     9.1741    16.7983 
Age 6                          0.9665     0.8670     1.2475     3.5452     4.1261 
Age 7                          0.1591     0.3024     0.3343     0.5376     1.5971 
Age 8                          0.1092     0.0502     0.1175     0.1447     0.2450 
Age 9                          0.0085     0.0350     0.0195     0.0515     0.0658 
Age 10                          0.0043     0.0027     0.0138     0.0086     0.0241 
Age 11                          0.0014     0.0014     0.0010     0.0060     0.0039 
Age 12                          0.0001     0.0005     0.0006     0.0005     0.0028 
Age 13                          0.0000     0.0000     0.0002     0.0002     0.0002 
Age 14                          0.0000     0.0000     0.0000     0.0001     0.0001 
Age 15                          0.0000     0.0000     0.0000     0.0000     0.0000 
