AGEPRO VERSION 4.2

test_model_generic

Date & Time of Run: 22 Dec 2023  15:41

Input File Name:    test_model_generic.inp

First Age Class:                         1
Number of Age Classes:                  15
Number of Years in Projection:           5
Number of Fleets:                        9
Number of Recruitment Models:            1
Number of Bootstraps:                  100
Number of Simulations:                  10

Bootstrap File Name:            C:\Users\jon.brodziak\Desktop\2024 WCNPO MLS Rebuilding\Bootstrap-numbers-at-age\2023_WCNPOMLS.bsn

Number of Feasible Solutions:       1000  of       1000 Realizations

Input Harvest Scenario

Year  Type        Fleet-1    Fleet-2    Fleet-3    Fleet-4    Fleet-5    Fleet-6    Fleet-7    Fleet-8    Fleet-9    

2021  Landings        287        114        595         53        174         78        150        270        281 
2022  Landings        287        114        595         53        174         78        150        270        281 
2023  Landings        287        114        595         53        174         78        150        270        281 
2024  Landings        287        114        595         53        174         78        150        270        281 
2025  Landings        287        114        595         53        174         78        150        270        281 

Recruits        1000  Fish

Year Class   Average        StdDev
2021        155.6510       63.5716
2022        157.5961       63.8159
2023        157.6306       63.3994
2024        158.7061       64.8815
2025        156.6750       65.5300

Recruits Distribution

Year Class 1%         5%         10%        25%        50%        75%        90%        95%        99%    
2021    68.3419    68.3419    68.3419   105.7922   164.8014   201.1650   228.6612   278.6366   278.6366
2022    68.3419    68.3419    77.9937   105.7922   149.8407   201.1650   278.6366   278.6366   278.6366
2023    68.3419    68.3419    68.3419   105.7922   164.8014   201.1650   228.6612   278.6366   278.6366
2024    68.3419    68.3419    77.9937   105.7922   164.8014   201.1650   278.6366   278.6366   278.6366
2025    68.3419    68.3419    68.3419   105.7922   149.8407   201.1650   278.6366   278.6366   278.6366

Spawning Stock Biomass  x       1000 MT

Year       Average        StdDev
2021        1.4759        0.4211
2022        2.1204        0.5555
2023        3.1767        0.9272
2024        3.5046        1.1833
2025        3.4173        1.2634

Spawning Stock Biomass Distribution

Year        1%         5%         10%        25%        50%        75%        90%        95%        99%   
2021     0.8375     0.9950     1.0938     1.2219     1.4047     1.6151     1.8996     2.1069     3.2881 
2022     1.0202     1.3728     1.5212     1.7453     2.0427     2.4282     2.7963     3.0698     3.9344 
2023     1.5124     1.8024     2.0324     2.5155     3.0996     3.6968     4.4411     4.8556     5.5934 
2024     1.3862     1.7996     2.0590     2.6619     3.3670     4.1890     5.1237     5.7627     6.6403 
2025     1.0185     1.5960     1.9130     2.4898     3.2730     4.1887     5.1677     5.7535     6.8073 

JAN-1 Stock Biomass  x       1000 MT

Year       Average        StdDev
2021        9.2843        1.5536
2022        9.9936        1.8793
2023       10.2737        2.0910
2024       10.2851        2.2161
2025       10.1753        2.2928

JAN-1 Stock Biomass Distribution

Year       1%         5%         10%        25%        50%        75%        90%        95%        99%    
2021     6.4321     7.0318     7.3766     8.1424     9.1902    10.1492    11.5521    12.1964    13.4426 
2022     6.4576     7.1935     7.6332     8.7114     9.8204    11.0927    12.4857    13.6258    14.7620 
2023     6.2013     7.0342     7.7363     8.7472    10.0822    11.5392    13.0901    14.3041    15.4383 
2024     5.7270     6.8602     7.5528     8.6892    10.1284    11.6430    13.3639    14.2694    15.7634 
2025     5.2720     6.5291     7.3736     8.5681    10.0506    11.6679    13.2290    14.2473    15.8414 

Mean Biomass  x       1000 MT

Year       Average        StdDev
2021        8.8239        1.7031
2022        9.2873        1.9684
2023        9.3924        2.1371
2024        9.3258        2.2327
2025        9.1967        2.2826

Mean Biomass Distribution

Year       1%         5%         10%        25%        50%        75%        90%        95%        99%    
2021     5.6421     6.3032     6.7361     7.6147     8.7309     9.7646    11.1851    11.9879    13.5449 
2022     5.5502     6.3227     6.8228     7.8909     9.1345    10.4485    11.9862    12.8389    14.4595 
2023     5.0865     6.1809     6.7724     7.8558     9.1916    10.7633    12.3113    13.1619    14.7848 
2024     4.7174     5.8496     6.5722     7.7020     9.2325    10.7850    12.4809    13.2648    14.7118 
2025     4.1940     5.6107     6.4537     7.5682     9.0901    10.7566    12.2580    13.0990    14.8732 

Combined Catch Biomass  x       1000 MT

Year       Average        StdDev
2021        2.0000        0.0000
2022        2.0000        0.0000
2023        2.0000        0.0000
2024        2.0000        0.0000
2025        2.0000        0.0000

Combined Catch Distribution

Year       1%         5%         10%        25%        50%        75%        90%        95%        99%    
2021     2.0000     2.0000     2.0000     2.0000     2.0000     2.0000     2.0000     2.0000     2.0000 
2022     2.0000     2.0000     2.0000     2.0000     2.0000     2.0000     2.0000     2.0000     2.0000 
2023     2.0000     2.0000     2.0000     2.0000     2.0000     2.0000     2.0000     2.0000     2.0000 
2024     2.0000     2.0000     2.0000     2.0000     2.0000     2.0000     2.0000     2.0000     2.0000 
2025     2.0000     2.0000     2.0000     2.0000     2.0000     2.0000     2.0000     2.0000     2.0000 

Landings  x       1000 MT

Year       Average        StdDev
2021        2.0000        0.0000
2022        2.0000        0.0000
2023        2.0000        0.0000
2024        2.0000        0.0000
2025        2.0000        0.0000

Landings Distribution

Year       1%         5%         10%        25%        50%        75%        90%        95%        99%    
2021     2.0000     2.0000     2.0000     2.0000     2.0000     2.0000     2.0000     2.0000     2.0000 
2022     2.0000     2.0000     2.0000     2.0000     2.0000     2.0000     2.0000     2.0000     2.0000 
2023     2.0000     2.0000     2.0000     2.0000     2.0000     2.0000     2.0000     2.0000     2.0000 
2024     2.0000     2.0000     2.0000     2.0000     2.0000     2.0000     2.0000     2.0000     2.0000 
2025     2.0000     2.0000     2.0000     2.0000     2.0000     2.0000     2.0000     2.0000     2.0000 

Total Fishing Mortality

Year       Average        StdDev
2021        0.7127        0.1318
2022        0.5326        0.1175
2023        0.4617        0.1226
2024        0.4583        0.1437
2025        0.4741        0.1682

Total Fishing Mortality Distribution

Year       1%         5%         10%        25%        50%        75%        90%        95%        99%    
2021     0.3731     0.5201     0.5643     0.6228     0.7099     0.7912     0.8679     0.9287     1.1171 
2022     0.3167     0.3595     0.3874     0.4563     0.5161     0.5918     0.7036     0.7581     0.8697 
2023     0.2628     0.2932     0.3195     0.3764     0.4452     0.5223     0.6294     0.7064     0.7983 
2024     0.2411     0.2810     0.3022     0.3584     0.4310     0.5294     0.6341     0.7295     0.9172 
2025     0.2445     0.2776     0.3034     0.3622     0.4367     0.5503     0.6796     0.7864     1.0835 

JAN-1 Stock Numbers at Age  -       1000  Fish

2021

Age        1%         5%         10%        25%        50%        75%        90%        95%        99%    
1      140.2370   175.0900   184.8320   216.7130   261.1480   317.3690   385.6290   409.5080   464.9250
2       58.9389    77.9477    80.8620    85.4451   100.4175   112.5240   125.3470   138.4980   148.4390
3       34.1986    41.3466    43.5177    47.9381    54.8765    60.4455    67.3245    74.4817    84.8335
4        4.4701     6.3288     7.3712     8.3369     9.5330    10.8358    12.5169    14.0136    20.6054
5        1.2938     1.6031     1.7337     2.2441     2.6907     3.2695     4.2092     4.8898     7.4995
6        0.2917     0.4842     0.6024     0.6936     0.9665     1.2287     1.8234     2.1765     5.0518
7        0.0278     0.0584     0.0739     0.1025     0.1591     0.2261     0.3164     0.3996     1.3049
8        0.0082     0.0292     0.0370     0.0584     0.1092     0.1670     0.2575     0.4456     2.1858
9        0.0003     0.0014     0.0021     0.0035     0.0085     0.0144     0.0223     0.0334     0.2402
10        0.0001     0.0005     0.0007     0.0015     0.0043     0.0069     0.0143     0.0242     0.2609
11        0.0000     0.0001     0.0002     0.0004     0.0014     0.0028     0.0051     0.0082     0.1988
12        0.0000     0.0000     0.0000     0.0000     0.0001     0.0003     0.0005     0.0008     0.0280
13        0.0000     0.0000     0.0000     0.0000     0.0000     0.0002     0.0003     0.0005     0.0316
14        0.0000     0.0000     0.0000     0.0000     0.0000     0.0000     0.0001     0.0001     0.0183
15+       0.0000     0.0000     0.0000     0.0000     0.0000     0.0000     0.0000     0.0000     0.0127

2022

Age        1%         5%         10%        25%        50%        75%        90%        95%        99%    
1       68.3419    68.3419    68.3419   105.7922   164.8014   201.1650   228.6612   278.6366   278.6366
2       86.9317   104.2476   109.4318   127.4508   154.9531   188.4082   230.3665   249.0032   291.1028
3       27.6355    37.5420    40.3257    43.8435    51.4354    59.5402    68.2406    74.3396    85.1757
4       12.7437    15.8939    17.8522    20.3998    23.5735    27.9071    32.6186    36.4478    44.1300
5        1.6431     2.2873     2.7531     3.2432     3.8653     4.6286     5.7177     6.2513    10.7421
6        0.4304     0.5216     0.6182     0.8451     1.0309     1.3410     1.8164     2.1333     3.9044
7        0.1039     0.1801     0.2068     0.2640     0.3589     0.4996     0.7875     0.9395     2.7171
8        0.0101     0.0216     0.0278     0.0385     0.0600     0.0921     0.1443     0.1755     0.6903
9        0.0032     0.0106     0.0139     0.0234     0.0424     0.0699     0.1153     0.1905     1.1884
10        0.0001     0.0005     0.0008     0.0014     0.0033     0.0061     0.0099     0.0161     0.1292
11        0.0000     0.0002     0.0003     0.0006     0.0017     0.0029     0.0069     0.0111     0.1389
12        0.0000     0.0000     0.0001     0.0002     0.0006     0.0011     0.0023     0.0037     0.1085
13        0.0000     0.0000     0.0000     0.0000     0.0000     0.0001     0.0002     0.0004     0.0152
14        0.0000     0.0000     0.0000     0.0000     0.0000     0.0001     0.0001     0.0002     0.0177
15+       0.0000     0.0000     0.0000     0.0000     0.0000     0.0000     0.0000     0.0001     0.0177

2023

Age        1%         5%         10%        25%        50%        75%        90%        95%        99%    
1       68.3419    68.3419    77.9937   105.7922   149.8407   201.1650   278.6366   278.6366   278.6366
2       38.0434    40.9844    43.1927    63.0219    93.6250   119.2796   151.5227   167.8580   177.1254
3       42.9003    52.9534    57.4573    67.0361    84.8790   105.6195   130.5724   143.8988   169.6290
4       11.4392    16.1499    18.0480    20.6358    25.0985    30.0890    35.3855    38.9652    44.9044
5        4.7168     6.4297     7.4956     9.1300    10.8425    13.4861    16.0870    18.3530    24.5202
6        0.5715     0.9206     1.1203     1.4172     1.7119     2.1730     2.7978     3.1202     5.7720
7        0.1625     0.2013     0.2593     0.3598     0.4694     0.6183     0.8734     1.0293     2.1262
8        0.0416     0.0763     0.0840     0.1166     0.1654     0.2366     0.3870     0.4583     1.5089
9        0.0045     0.0095     0.0121     0.0171     0.0272     0.0430     0.0692     0.0898     0.3862
10        0.0014     0.0047     0.0063     0.0110     0.0191     0.0334     0.0589     0.0925     0.6874
11        0.0001     0.0002     0.0003     0.0007     0.0015     0.0029     0.0052     0.0083     0.0721
12        0.0000     0.0001     0.0001     0.0003     0.0008     0.0014     0.0034     0.0055     0.0782
13        0.0000     0.0000     0.0000     0.0001     0.0003     0.0006     0.0012     0.0019     0.0616
14        0.0000     0.0000     0.0000     0.0000     0.0000     0.0001     0.0001     0.0002     0.0092
15+       0.0000     0.0000     0.0000     0.0000     0.0000     0.0000     0.0001     0.0002     0.0204

2024

Age        1%         5%         10%        25%        50%        75%        90%        95%        99%    
1       68.3419    68.3419    68.3419   105.7922   164.8014   201.1650   228.6612   278.6366   278.6366
2       38.1817    41.4089    44.8847    64.0950    92.5382   122.2778   158.1568   169.7226   178.3190
3       19.3624    21.4290    23.5080    33.1502    50.6892    66.4903    85.6820    95.9390   105.1692
4       17.9268    23.1147    26.1193    32.5030    43.2331    55.5881    70.4717    78.3349    95.3215
5        4.5616     6.5237     7.5916     9.7911    12.1947    15.1039    18.7197    20.2907    24.7019
6        1.7857     2.5924     3.0755     4.1539     5.2372     6.6567     8.2506     9.7300    13.5765
7        0.2201     0.3763     0.4791     0.6466     0.8212     1.0629     1.4281     1.6570     3.1143
8        0.0665     0.0845     0.1123     0.1680     0.2243     0.3086     0.4453     0.5465     1.2336
9        0.0185     0.0313     0.0381     0.0554     0.0808     0.1150     0.2001     0.2409     0.8327
10        0.0020     0.0044     0.0054     0.0083     0.0132     0.0213     0.0356     0.0472     0.2246
11        0.0006     0.0023     0.0030     0.0053     0.0095     0.0169     0.0311     0.0458     0.3931
12        0.0000     0.0001     0.0002     0.0003     0.0007     0.0015     0.0028     0.0043     0.0428
13        0.0000     0.0000     0.0001     0.0002     0.0004     0.0008     0.0019     0.0031     0.0450
14        0.0000     0.0000     0.0000     0.0000     0.0001     0.0003     0.0006     0.0011     0.0372
15+       0.0000     0.0000     0.0000     0.0000     0.0000     0.0001     0.0001     0.0002     0.0169

2025

Age        1%         5%         10%        25%        50%        75%        90%        95%        99%    
1       68.3419    68.3419    77.9937   105.7922   164.8014   201.1650   278.6366   278.6366   278.6366
2       38.2104    40.6283    43.4003    63.0329    96.0299   122.0951   144.4975   166.2994   177.3302
3       18.0172    22.1378    23.7489    34.3433    51.0232    68.7519    88.0656    97.2791   105.1221
4        7.7716     9.5735    11.0918    15.5317    24.9078    34.5839    46.0009    51.9157    59.1162
5        6.2659     9.2142    11.0780    15.2347    20.9055    28.2880    37.1916    42.4063    54.1916
6        1.7264     2.5111     3.0678     4.4237     5.9109     7.5891     9.6872    10.7922    13.4565
7        0.6890     1.0341     1.3098     1.8805     2.5491     3.3308     4.2870     5.1236     6.9965
8        0.0795     0.1527     0.2015     0.2990     0.4036     0.5360     0.7594     0.9188     1.6484
9        0.0261     0.0371     0.0494     0.0806     0.1117     0.1575     0.2297     0.3068     0.6777
10        0.0081     0.0130     0.0171     0.0263     0.0407     0.0606     0.1061     0.1335     0.4619
11        0.0009     0.0020     0.0025     0.0041     0.0068     0.0111     0.0193     0.0255     0.1330
12        0.0003     0.0011     0.0014     0.0026     0.0049     0.0088     0.0172     0.0248     0.2287
13        0.0000     0.0001     0.0001     0.0002     0.0004     0.0008     0.0015     0.0024     0.0249
14        0.0000     0.0000     0.0000     0.0001     0.0002     0.0004     0.0010     0.0017     0.0280
15+       0.0000     0.0000     0.0000     0.0000     0.0001     0.0002     0.0004     0.0007     0.0329

Probability Spawning Stock Biomass Exceeds Threshold      3.000 (1000 MT)

Year    Probability

2021    0.012000
2022    0.060000
2023    0.549000
2024    0.632000
2025    0.589000

Probability Threshold Exceeded at Least Once =     0.7130

Probability Total Fishing Mortality Exceeds Threshold     0.6000 

Year    Probability

2021    0.804000
2022    0.237000
2023    0.136000
2024    0.137000
2025    0.176000

Probability Threshold Exceeded at Least Once =     0.8120


Requested Percentile Report

Percentile =    50.00 %

                                 2021       2022       2023       2024       2025 

Recruits                     164.8014   149.8407   164.8014   164.8014   149.8407 
Spawning Stock Biomass         1.4047     2.0427     3.0996     3.3670     3.2730 
Jan-1 Stock Biomass            9.1902     9.8204    10.0822    10.1284    10.0506 
Mean Biomass                   8.7309     9.1345     9.1916     9.2325     9.0901 
Combined Catch Biomass         2.0000     2.0000     2.0000     2.0000     2.0000 
Landings                       2.0000     2.0000     2.0000     2.0000     2.0000 
FMort                          0.7099     0.5161     0.4452     0.4310     0.4367 

Stock Numbers at Age
Age 1                        261.1480   164.8014   149.8407   164.8014   164.8014 
Age 2                        100.4175   154.9531    93.6250    92.5382    96.0299 
Age 3                         54.8765    51.4354    84.8790    50.6892    51.0232 
Age 4                          9.5330    23.5735    25.0985    43.2331    24.9078 
Age 5                          2.6907     3.8653    10.8425    12.1947    20.9055 
Age 6                          0.9665     1.0309     1.7119     5.2372     5.9109 
Age 7                          0.1591     0.3589     0.4694     0.8212     2.5491 
Age 8                          0.1092     0.0600     0.1654     0.2243     0.4036 
Age 9                          0.0085     0.0424     0.0272     0.0808     0.1117 
Age 10                          0.0043     0.0033     0.0191     0.0132     0.0407 
Age 11                          0.0014     0.0017     0.0015     0.0095     0.0068 
Age 12                          0.0001     0.0006     0.0008     0.0007     0.0049 
Age 13                          0.0000     0.0000     0.0003     0.0004     0.0004 
Age 14                          0.0000     0.0000     0.0000     0.0001     0.0002 
Age 15                          0.0000     0.0000     0.0000     0.0000     0.0001 
