AGEPRO VERSION 4.2

test_F

Date & Time of Run: 10 Jan 2024  13:44

Input File Name:    test_F.inp

First Age Class:                         1
Number of Age Classes:                  15
Number of Years in Projection:           5
Number of Fleets:                        9
Number of Recruitment Models:            1
Number of Bootstraps:                  100
Number of Simulations:                 100

Bootstrap File Name:            C:\Users\jon.brodziak\Desktop\2024 WCNPO MLS Rebuilding\Bootstrap-numbers-at-age\2023_WCNPOMLS.bsn

Input Harvest Scenario

Year  Type        Fleet-1    Fleet-2    Fleet-3    Fleet-4    Fleet-5    Fleet-6    Fleet-7    Fleet-8    Fleet-9    

2021  F-Mult       0.0861     0.0341     0.1784     0.0159     0.0521     0.0233     0.0450     0.0809     0.0842 
2022  F-Mult       0.0861     0.0341     0.1784     0.0159     0.0521     0.0233     0.0450     0.0809     0.0842 
2023  F-Mult       0.0861     0.0341     0.1784     0.0159     0.0521     0.0233     0.0450     0.0809     0.0842 
2024  F-Mult       0.0861     0.0341     0.1784     0.0159     0.0521     0.0233     0.0450     0.0809     0.0842 
2025  F-Mult       0.0861     0.0341     0.1784     0.0159     0.0521     0.0233     0.0450     0.0809     0.0842 

Recruits        1000  Fish

Year Class   Average        StdDev
2021        171.7137       70.1048
2022        171.1019       70.0415
2023        171.2394       70.2102
2024        170.5476       70.1313
2025        170.0330       70.4318

Recruits Distribution

Year Class 1%         5%         10%        25%        50%        75%        90%        95%        99%    
2021    68.6470    69.8444    78.1429   104.7928   172.4281   232.4840   266.3135   284.1766   317.6800
2022    68.6765    69.8362    77.4153   104.2731   172.2065   231.6268   266.4478   281.0537   315.3868
2023    68.6655    69.8562    77.0518   103.5553   172.4375   232.7629   265.9926   279.9096   316.2220
2024    68.7042    69.8226    77.1808   103.9645   171.6647   231.7202   265.7283   281.0244   317.6237
2025    68.6446    69.8259    77.2672   102.4563   171.3077   231.4072   265.3395   282.2574   316.1707

Spawning Stock Biomass  x       1000 MT

Year       Average        StdDev
2021        1.4692        0.3597
2022        1.9399        0.3389
2023        2.5698        0.4904
2024        2.5872        0.5286
2025        2.4224        0.5193

Spawning Stock Biomass Distribution

Year        1%         5%         10%        25%        50%        75%        90%        95%        99%   
2021     0.9191     1.0578     1.1393     1.2561     1.4053     1.5993     1.8331     2.0158     3.1690 
2022     1.2387     1.4855     1.5674     1.7096     1.8964     2.1260     2.3632     2.5361     3.0599 
2023     1.6882     1.8683     1.9838     2.2101     2.5190     2.8595     3.2344     3.4933     3.9222 
2024     1.5798     1.7808     1.9255     2.2033     2.5556     2.9234     3.2900     3.5177     3.9659 
2025     1.3656     1.6139     1.7673     2.0439     2.3958     2.7588     3.1136     3.3187     3.7122 

JAN-1 Stock Biomass  x       1000 MT

Year       Average        StdDev
2021        9.2910        1.5891
2022       10.0469        1.7621
2023        9.9503        1.8211
2024        9.5735        1.8156
2025        9.2877        1.8039

JAN-1 Stock Biomass Distribution

Year       1%         5%         10%        25%        50%        75%        90%        95%        99%    
2021     6.3100     6.9440     7.3580     8.1850     9.1655    10.1430    11.5538    12.2587    13.6895 
2022     6.5978     7.3472     7.8552     8.7803     9.9122    11.1895    12.4129    13.1742    14.6441 
2023     6.1859     7.1005     7.6269     8.6482     9.8782    11.1519    12.3454    13.0816    14.4169 
2024     5.6560     6.6742     7.2614     8.2840     9.5309    10.7980    11.9838    12.6683    13.8897 
2025     5.5166     6.4300     6.9738     7.9938     9.2198    10.5195    11.6482    12.3398    13.6206 

Mean Biomass  x       1000 MT

Year       Average        StdDev
2021        8.7534        1.5709
2022        9.0442        1.6915
2023        8.7600        1.7157
2024        8.4179        1.6957
2025        8.1964        1.6838

Mean Biomass Distribution

Year       1%         5%         10%        25%        50%        75%        90%        95%        99%    
2021     5.8573     6.4598     6.8551     7.6069     8.6252     9.6293    10.9545    11.6737    13.1302 
2022     5.7555     6.4546     6.9367     7.8157     8.9226    10.1454    11.2947    12.0256    13.3854 
2023     5.2625     6.0388     6.5630     7.5384     8.6888     9.8994    11.0001    11.7397    13.0046 
2024     4.8528     5.7038     6.2315     7.2178     8.3604     9.5499    10.6709    11.3055    12.4978 
2025     4.7219     5.5369     6.0463     7.0026     8.1296     9.3271    10.3950    11.0744    12.3129 

Combined Catch Biomass  x       1000 MT

Year       Average        StdDev
2021        2.1661        0.3429
2022        2.6877        0.4380
2023        2.7841        0.4945
2024        2.6323        0.4960
2025        2.5131        0.4913

Combined Catch Distribution

Year       1%         5%         10%        25%        50%        75%        90%        95%        99%    
2021     1.4399     1.7117     1.7844     1.9466     2.1242     2.3499     2.5885     2.7574     3.3705 
2022     1.8712     2.0394     2.1507     2.3648     2.6563     2.9385     3.2909     3.5057     3.8642 
2023     1.8150     2.0228     2.1658     2.4275     2.7513     3.1025     3.4433     3.6534     4.0382 
2024     1.5950     1.8452     1.9983     2.2761     2.6175     2.9640     3.2901     3.4820     3.8590 
2025     1.4858     1.7266     1.8854     2.1686     2.4986     2.8477     3.1663     3.3506     3.6950 

Landings  x       1000 MT

Year       Average        StdDev
2021        2.1661        0.3429
2022        2.6877        0.4380
2023        2.7841        0.4945
2024        2.6323        0.4960
2025        2.5131        0.4913

Landings Distribution

Year       1%         5%         10%        25%        50%        75%        90%        95%        99%    
2021     1.4399     1.7117     1.7844     1.9466     2.1242     2.3499     2.5885     2.7574     3.3705 
2022     1.8712     2.0394     2.1507     2.3648     2.6563     2.9385     3.2909     3.5057     3.8642 
2023     1.8150     2.0228     2.1658     2.4275     2.7513     3.1025     3.4433     3.6534     4.0382 
2024     1.5950     1.8452     1.9983     2.2761     2.6175     2.9640     3.2901     3.4820     3.8590 
2025     1.4858     1.7266     1.8854     2.1686     2.4986     2.8477     3.1663     3.3506     3.6950 

Total Fishing Mortality

Year       Average        StdDev
2021        0.6000        0.0000
2022        0.6000        0.0000
2023        0.6000        0.0000
2024        0.6000        0.0000
2025        0.6000        0.0000

Total Fishing Mortality Distribution

Year       1%         5%         10%        25%        50%        75%        90%        95%        99%    
2021     0.6000     0.6000     0.6000     0.6000     0.6000     0.6000     0.6000     0.6000     0.6000 
2022     0.6000     0.6000     0.6000     0.6000     0.6000     0.6000     0.6000     0.6000     0.6000 
2023     0.6000     0.6000     0.6000     0.6000     0.6000     0.6000     0.6000     0.6000     0.6000 
2024     0.6000     0.6000     0.6000     0.6000     0.6000     0.6000     0.6000     0.6000     0.6000 
2025     0.6000     0.6000     0.6000     0.6000     0.6000     0.6000     0.6000     0.6000     0.6000 

JAN-1 Stock Numbers at Age  -       1000  Fish

2021

Age        1%         5%         10%        25%        50%        75%        90%        95%        99%    
1      140.2370   175.0900   184.8320   216.7130   261.1480   317.3690   385.6290   409.5080   464.9250
2       58.9389    77.9477    80.8620    85.4451   100.4175   112.5240   125.3470   138.4980   148.4390
3       34.1986    41.3466    43.5177    47.9381    54.8765    60.4455    67.3245    74.4817    84.8335
4        4.4701     6.3288     7.3712     8.3369     9.5330    10.8358    12.5169    14.0136    20.6054
5        1.2938     1.6031     1.7337     2.2441     2.6907     3.2695     4.2092     4.8898     7.4995
6        0.2917     0.4842     0.6024     0.6936     0.9665     1.2287     1.8234     2.1765     5.0518
7        0.0278     0.0584     0.0739     0.1025     0.1591     0.2261     0.3164     0.3996     1.3049
8        0.0082     0.0292     0.0370     0.0584     0.1092     0.1670     0.2575     0.4456     2.1858
9        0.0003     0.0014     0.0021     0.0035     0.0085     0.0144     0.0223     0.0334     0.2402
10        0.0001     0.0005     0.0007     0.0015     0.0043     0.0069     0.0143     0.0242     0.2609
11        0.0000     0.0001     0.0002     0.0004     0.0014     0.0028     0.0051     0.0082     0.1988
12        0.0000     0.0000     0.0000     0.0000     0.0001     0.0003     0.0005     0.0008     0.0280
13        0.0000     0.0000     0.0000     0.0000     0.0000     0.0002     0.0003     0.0005     0.0316
14        0.0000     0.0000     0.0000     0.0000     0.0000     0.0000     0.0001     0.0001     0.0183
15+       0.0000     0.0000     0.0000     0.0000     0.0000     0.0000     0.0000     0.0000     0.0127

2022

Age        1%         5%         10%        25%        50%        75%        90%        95%        99%    
1       68.6470    69.8444    78.1429   104.7928   172.4281   232.4840   266.3135   284.1766   317.6800
2       86.8960   101.9071   108.7200   125.5486   152.2970   186.4622   225.3162   245.9126   280.7819
3       29.5580    38.1511    40.0304    43.2675    49.5934    56.5220    64.0401    69.3931    78.0279
4       14.9679    17.5102    18.7243    20.6953    23.2251    26.0264    29.5474    32.4668    39.3597
5        1.9268     2.6528     2.9735     3.4231     3.9452     4.5028     5.2691     5.8057     8.8378
6        0.5319     0.6600     0.7201     0.9163     1.0994     1.3469     1.7624     2.0626     3.3536
7        0.1360     0.2097     0.2514     0.2994     0.3998     0.5292     0.7719     0.9181     2.3650
8        0.0134     0.0262     0.0322     0.0447     0.0686     0.0992     0.1425     0.1856     0.6159
9        0.0040     0.0135     0.0169     0.0269     0.0496     0.0755     0.1191     0.2014     1.0861
10        0.0002     0.0007     0.0010     0.0017     0.0040     0.0067     0.0108     0.0162     0.1213
11        0.0000     0.0002     0.0004     0.0007     0.0021     0.0033     0.0072     0.0117     0.1370
12        0.0000     0.0000     0.0001     0.0002     0.0007     0.0013     0.0025     0.0040     0.1055
13        0.0000     0.0000     0.0000     0.0000     0.0001     0.0001     0.0003     0.0004     0.0149
14        0.0000     0.0000     0.0000     0.0000     0.0000     0.0001     0.0001     0.0003     0.0172
15+       0.0000     0.0000     0.0000     0.0000     0.0000     0.0000     0.0000     0.0001     0.0170

2023

Age        1%         5%         10%        25%        50%        75%        90%        95%        99%    
1       68.6765    69.8362    77.4153   104.2731   172.2065   231.6268   266.4478   281.0537   315.3868
2       38.4676    41.6700    45.1323    61.1028   100.4833   134.3503   157.5165   167.8141   187.4396
3       43.0482    50.3010    54.1561    62.4759    76.1174    93.5531   112.4693   123.1945   140.5646
4       12.6035    16.0150    17.0006    18.5677    21.2217    24.3745    27.7123    29.9414    34.1887
5        6.1326     7.0641     7.6267     8.4737     9.5333    10.7579    12.2298    13.4539    16.3043
6        0.7914     1.0830     1.2095     1.3989     1.6178     1.8554     2.1747     2.4071     3.6465
7        0.2252     0.2750     0.3034     0.3843     0.4616     0.5701     0.7450     0.8704     1.4915
8        0.0640     0.0923     0.1088     0.1303     0.1744     0.2320     0.3361     0.3990     1.0516
9        0.0061     0.0119     0.0145     0.0202     0.0309     0.0449     0.0642     0.0842     0.2946
10        0.0020     0.0063     0.0078     0.0125     0.0230     0.0351     0.0554     0.0929     0.5263
11        0.0001     0.0003     0.0005     0.0008     0.0019     0.0032     0.0051     0.0077     0.0601
12        0.0000     0.0001     0.0002     0.0004     0.0010     0.0016     0.0035     0.0056     0.0710
13        0.0000     0.0000     0.0000     0.0001     0.0003     0.0007     0.0012     0.0020     0.0554
14        0.0000     0.0000     0.0000     0.0000     0.0000     0.0001     0.0001     0.0002     0.0078
15+       0.0000     0.0000     0.0000     0.0000     0.0000     0.0001     0.0001     0.0002     0.0175

2024

Age        1%         5%         10%        25%        50%        75%        90%        95%        99%    
1       68.6655    69.8562    77.0518   103.5553   172.4375   232.7629   265.9926   279.9096   316.2220
2       38.3606    41.4046    44.8852    60.8485   100.3552   134.6688   157.3426   167.0311   186.9098
3       18.6674    20.7709    22.5323    30.4755    50.0060    66.8201    79.2641    84.4811    95.3220
4       18.2315    21.4597    23.1270    26.8074    32.6944    40.2570    48.4779    53.2762    61.1737
5        5.2001     6.4639     6.9246     7.6260     8.7141    10.0511    11.4371    12.3370    14.2089
6        2.4909     2.8799     3.1120     3.4658     3.9060     4.4301     5.0477     5.5515     6.7507
7        0.3337     0.4516     0.5042     0.5870     0.6814     0.7838     0.9191     1.0182     1.5371
8        0.0977     0.1197     0.1326     0.1670     0.2013     0.2495     0.3270     0.3814     0.6571
9        0.0276     0.0416     0.0486     0.0588     0.0784     0.1050     0.1521     0.1791     0.4735
10        0.0030     0.0055     0.0067     0.0093     0.0143     0.0208     0.0297     0.0391     0.1413
11        0.0010     0.0030     0.0037     0.0060     0.0109     0.0168     0.0265     0.0441     0.2672
12        0.0000     0.0002     0.0002     0.0004     0.0009     0.0015     0.0025     0.0037     0.0292
13        0.0000     0.0001     0.0001     0.0002     0.0005     0.0008     0.0017     0.0028     0.0338
14        0.0000     0.0000     0.0000     0.0000     0.0002     0.0003     0.0006     0.0010     0.0276
15+       0.0000     0.0000     0.0000     0.0000     0.0000     0.0001     0.0001     0.0002     0.0132

2025

Age        1%         5%         10%        25%        50%        75%        90%        95%        99%    
1       68.7042    69.8226    77.1808   103.9645   171.6647   231.7202   265.7283   281.0244   317.6237
2       38.4833    41.4635    44.7462    60.5530   100.4360   134.8066   156.9418   166.6210   185.7882
3       18.8118    20.5969    22.3470    30.3607    49.9890    66.8948    79.1350    84.4440    94.1069
4        7.9466     8.8164     9.6826    13.0925    21.3781    28.6005    34.0601    36.7687    41.4152
5        7.4919     8.7605     9.4443    11.0290    13.4610    16.5489    19.9691    22.0657    25.2104
6        2.1299     2.6158     2.8195     3.1275     3.5826     4.1334     4.7089     5.1013     5.8644
7        1.0352     1.1989     1.2954     1.4531     1.6472     1.8691     2.1319     2.3510     2.8416
8        0.1459     0.1959     0.2182     0.2548     0.2974     0.3430     0.4015     0.4488     0.6685
9        0.0438     0.0534     0.0597     0.0747     0.0908     0.1131     0.1473     0.1721     0.2970
10        0.0131     0.0192     0.0224     0.0273     0.0364     0.0489     0.0708     0.0830     0.2191
11        0.0015     0.0026     0.0032     0.0044     0.0068     0.0099     0.0141     0.0185     0.0703
12        0.0005     0.0014     0.0018     0.0029     0.0053     0.0081     0.0128     0.0213     0.1288
13        0.0000     0.0001     0.0001     0.0002     0.0004     0.0007     0.0012     0.0018     0.0146
14        0.0000     0.0000     0.0000     0.0001     0.0002     0.0004     0.0008     0.0014     0.0170
15+       0.0000     0.0000     0.0000     0.0000     0.0001     0.0002     0.0004     0.0006     0.0208

Probability Spawning Stock Biomass Exceeds Threshold      3.660 (1000 MT)

Year    Probability

2021    0.001300
2022    0.000000
2023    0.028100
2024    0.030300
2025    0.013100

Probability Threshold Exceeded at Least Once =     0.0518

Probability Total Fishing Mortality Exceeds Threshold     0.5300 

Year    Probability

2021    1.000000
2022    1.000000
2023    1.000000
2024    1.000000
2025    1.000000

Probability Threshold Exceeded at Least Once =     1.0000


Requested Percentile Report

Percentile =    50.00 %

                                 2021       2022       2023       2024       2025 

Recruits                     172.4281   172.2065   172.4375   171.6647   171.3077 
Spawning Stock Biomass         1.4053     1.8964     2.5190     2.5556     2.3958 
Jan-1 Stock Biomass            9.1655     9.9122     9.8782     9.5309     9.2198 
Mean Biomass                   8.6252     8.9226     8.6888     8.3604     8.1296 
Combined Catch Biomass         2.1242     2.6563     2.7513     2.6175     2.4986 
Landings                       2.1242     2.6563     2.7513     2.6175     2.4986 
FMort                          0.6000     0.6000     0.6000     0.6000     0.6000 

Stock Numbers at Age
Age 1                        261.1480   172.4281   172.2065   172.4375   171.6647 
Age 2                        100.4175   152.2970   100.4833   100.3552   100.4360 
Age 3                         54.8765    49.5934    76.1174    50.0060    49.9890 
Age 4                          9.5330    23.2251    21.2217    32.6944    21.3781 
Age 5                          2.6907     3.9452     9.5333     8.7141    13.4610 
Age 6                          0.9665     1.0994     1.6178     3.9060     3.5826 
Age 7                          0.1591     0.3998     0.4616     0.6814     1.6472 
Age 8                          0.1092     0.0686     0.1744     0.2013     0.2974 
Age 9                          0.0085     0.0496     0.0309     0.0784     0.0908 
Age 10                          0.0043     0.0040     0.0230     0.0143     0.0364 
Age 11                          0.0014     0.0021     0.0019     0.0109     0.0068 
Age 12                          0.0001     0.0007     0.0010     0.0009     0.0053 
Age 13                          0.0000     0.0001     0.0003     0.0005     0.0004 
Age 14                          0.0000     0.0000     0.0000     0.0002     0.0002 
Age 15                          0.0000     0.0000     0.0000     0.0000     0.0001 
