AGEPRO VERSION 4.2

test_Q_F_mix

Date & Time of Run: 10 Jan 2024  17:49

Input File Name:    test_Q_F_mix.inp

First Age Class:                         1
Number of Age Classes:                  15
Number of Years in Projection:           5
Number of Fleets:                        9
Number of Recruitment Models:            1
Number of Bootstraps:                  100
Number of Simulations:                 100

Bootstrap File Name:            C:\Users\jon.brodziak\Desktop\2024 WCNPO MLS Rebuilding\Bootstrap-numbers-at-age\2023_WCNPOMLS.bsn

Number of Feasible Solutions:      10000  of      10000 Realizations

Input Harvest Scenario

Year  Type        Fleet-1    Fleet-2    Fleet-3    Fleet-4    Fleet-5    Fleet-6    Fleet-7    Fleet-8    Fleet-9    

2021  F-Mult       0.0876     0.0347     0.1813     0.0161     0.0530     0.0237     0.0457     0.0823     0.0856 
2022  F-Mult       0.0876     0.0347     0.1813     0.0161     0.0530     0.0237     0.0457     0.0823     0.0856 
2023  F-Mult       0.0876     0.0347     0.1813     0.0161     0.0530     0.0237     0.0457     0.0823     0.0856 
2024  Landings        359        142        743         66        217         97        187        337        351 
2025  Landings        359        142        743         66        217         97        187        337        351 

Recruits        1000  Fish

Year Class   Average        StdDev
2021        171.7137       70.1048
2022        171.1019       70.0415
2023        171.2394       70.2102
2024        170.5476       70.1313
2025        170.0330       70.4318

Recruits Distribution

Year Class 1%         5%         10%        25%        50%        75%        90%        95%        99%    
2021    68.6470    69.8444    78.1429   104.7928   172.4281   232.4840   266.3135   284.1766   317.6800
2022    68.6765    69.8362    77.4153   104.2731   172.2065   231.6268   266.4478   281.0537   315.3868
2023    68.6655    69.8562    77.0518   103.5553   172.4375   232.7629   265.9926   279.9096   316.2220
2024    68.7042    69.8226    77.1808   103.9645   171.6647   231.7202   265.7283   281.0244   317.6237
2025    68.6446    69.8259    77.2672   102.4563   171.3077   231.4072   265.3395   282.2574   316.1707

Spawning Stock Biomass  x       1000 MT

Year       Average        StdDev
2021        1.4636        0.3583
2022        1.9209        0.3355
2023        2.5361        0.4848
2024        2.5623        0.6414
2025        2.4521        0.8833

Spawning Stock Biomass Distribution

Year        1%         5%         10%        25%        50%        75%        90%        95%        99%   
2021     0.9155     1.0538     1.1349     1.2513     1.4000     1.5932     1.8261     2.0079     3.1570 
2022     1.2268     1.4708     1.5521     1.6928     1.8779     2.1047     2.3403     2.5115     3.0307 
2023     1.6643     1.8427     1.9572     2.1804     2.4857     2.8232     3.1943     3.4501     3.8722 
2024     1.3173     1.5878     1.7561     2.0966     2.5234     2.9689     3.4151     3.6803     4.2412 
2025     0.6963     1.0966     1.3369     1.8072     2.4037     3.0258     3.6322     3.9839     4.6789 

JAN-1 Stock Biomass  x       1000 MT

Year       Average        StdDev
2021        9.2910        1.5891
2022       10.0210        1.7593
2023        9.9039        1.8162
2024        9.5160        1.8096
2025        9.3969        2.0951

JAN-1 Stock Biomass Distribution

Year       1%         5%         10%        25%        50%        75%        90%        95%        99%    
2021     6.3100     6.9440     7.3580     8.1850     9.1655    10.1430    11.5538    12.2587    13.6895 
2022     6.5798     7.3257     7.8327     8.7563     9.8876    11.1633    12.3841    13.1435    14.6091 
2023     6.1490     7.0612     7.5800     8.6059     9.8291    11.1014    12.2906    13.0262    14.3528 
2024     5.6094     6.6230     7.2118     8.2280     9.4728    10.7364    11.9159    12.6011    13.8230 
2025     4.9517     6.0628     6.7379     7.9044     9.3243    10.8286    12.1392    12.9518    14.4054 

Mean Biomass  x       1000 MT

Year       Average        StdDev
2021        8.7391        1.5689
2022        9.0061        1.6869
2023        8.7060        1.7094
2024        8.4431        1.8968
2025        8.3252        2.1459

Mean Biomass Distribution

Year       1%         5%         10%        25%        50%        75%        90%        95%        99%    
2021     5.8477     6.4493     6.8437     7.5944     8.6106     9.6146    10.9373    11.6566    13.1117 
2022     5.7257     6.4228     6.9040     7.7796     8.8834    10.1068    11.2509    11.9782    13.3348 
2023     5.2229     5.9956     6.5161     7.4899     8.6339     9.8408    10.9349    11.6747    12.9365 
2024     4.3686     5.4097     6.0126     7.0953     8.3799     9.7107    10.9578    11.6689    13.0449 
2025     3.8226     4.9146     5.5815     6.8122     8.2501     9.7617    11.1279    11.9152    13.4955 

Combined Catch Biomass  x       1000 MT

Year       Average        StdDev
2021        2.1969        0.3477
2022        2.7164        0.4431
2023        2.8060        0.4992
2024        2.5000        0.0000
2025        2.5000        0.0000

Combined Catch Distribution

Year       1%         5%         10%        25%        50%        75%        90%        95%        99%    
2021     1.4605     1.7360     1.8097     1.9745     2.1547     2.3831     2.6253     2.7965     3.4178 
2022     1.8903     2.0611     2.1728     2.3897     2.6847     2.9708     3.3266     3.5439     3.9053 
2023     1.8289     2.0362     2.1814     2.4455     2.7723     3.1273     3.4713     3.6839     4.0694 
2024     2.5000     2.5000     2.5000     2.5000     2.5000     2.5000     2.5000     2.5000     2.5000 
2025     2.5000     2.5000     2.5000     2.5000     2.5000     2.5000     2.5000     2.5000     2.5000 

Landings  x       1000 MT

Year       Average        StdDev
2021        2.1969        0.3477
2022        2.7164        0.4431
2023        2.8060        0.4992
2024        2.5000        0.0000
2025        2.5000        0.0000

Landings Distribution

Year       1%         5%         10%        25%        50%        75%        90%        95%        99%    
2021     1.4605     1.7360     1.8097     1.9745     2.1547     2.3831     2.6253     2.7965     3.4178 
2022     1.8903     2.0611     2.1728     2.3897     2.6847     2.9708     3.3266     3.5439     3.9053 
2023     1.8289     2.0362     2.1814     2.4455     2.7723     3.1273     3.4713     3.6839     4.0694 
2024     2.5000     2.5000     2.5000     2.5000     2.5000     2.5000     2.5000     2.5000     2.5000 
2025     2.5000     2.5000     2.5000     2.5000     2.5000     2.5000     2.5000     2.5000     2.5000 

Total Fishing Mortality

Year       Average        StdDev
2021        0.6100        0.0000
2022        0.6100        0.0000
2023        0.6100        0.0000
2024        0.6835        0.1651
2025        0.7367        0.2797

Total Fishing Mortality Distribution

Year       1%         5%         10%        25%        50%        75%        90%        95%        99%    
2021     0.6100     0.6100     0.6100     0.6100     0.6100     0.6100     0.6100     0.6100     0.6100 
2022     0.6100     0.6100     0.6100     0.6100     0.6100     0.6100     0.6100     0.6100     0.6100 
2023     0.6100     0.6100     0.6100     0.6100     0.6100     0.6100     0.6100     0.6100     0.6100 
2024     0.4204     0.4711     0.5034     0.5666     0.6538     0.7716     0.9025     0.9992     1.2048 
2025     0.3868     0.4418     0.4779     0.5536     0.6699     0.8419     1.0601     1.2453     1.7394 

JAN-1 Stock Numbers at Age  -       1000  Fish

2021

Age        1%         5%         10%        25%        50%        75%        90%        95%        99%    
1      140.2370   175.0900   184.8320   216.7130   261.1480   317.3690   385.6290   409.5080   464.9250
2       58.9389    77.9477    80.8620    85.4451   100.4175   112.5240   125.3470   138.4980   148.4390
3       34.1986    41.3466    43.5177    47.9381    54.8765    60.4455    67.3245    74.4817    84.8335
4        4.4701     6.3288     7.3712     8.3369     9.5330    10.8358    12.5169    14.0136    20.6054
5        1.2938     1.6031     1.7337     2.2441     2.6907     3.2695     4.2092     4.8898     7.4995
6        0.2917     0.4842     0.6024     0.6936     0.9665     1.2287     1.8234     2.1765     5.0518
7        0.0278     0.0584     0.0739     0.1025     0.1591     0.2261     0.3164     0.3996     1.3049
8        0.0082     0.0292     0.0370     0.0584     0.1092     0.1670     0.2575     0.4456     2.1858
9        0.0003     0.0014     0.0021     0.0035     0.0085     0.0144     0.0223     0.0334     0.2402
10        0.0001     0.0005     0.0007     0.0015     0.0043     0.0069     0.0143     0.0242     0.2609
11        0.0000     0.0001     0.0002     0.0004     0.0014     0.0028     0.0051     0.0082     0.1988
12        0.0000     0.0000     0.0000     0.0000     0.0001     0.0003     0.0005     0.0008     0.0280
13        0.0000     0.0000     0.0000     0.0000     0.0000     0.0002     0.0003     0.0005     0.0316
14        0.0000     0.0000     0.0000     0.0000     0.0000     0.0000     0.0001     0.0001     0.0183
15+       0.0000     0.0000     0.0000     0.0000     0.0000     0.0000     0.0000     0.0000     0.0127

2022

Age        1%         5%         10%        25%        50%        75%        90%        95%        99%    
1       68.6470    69.8444    78.1429   104.7928   172.4281   232.4840   266.3135   284.1766   317.6800
2       86.7920   101.7765   108.6022   125.4053   152.1160   186.2452   225.0510   245.6052   280.4464
3       29.4287    37.9892    39.8652    43.0738    49.3718    56.2733    63.7559    69.0876    77.6698
4       14.8545    17.3760    18.5871    20.5443    23.0541    25.8350    29.3271    32.2454    39.0586
5        1.9104     2.6301     2.9486     3.3941     3.9125     4.4645     5.2253     5.7560     8.7666
6        0.5273     0.6543     0.7139     0.9084     1.0900     1.3355     1.7476     2.0449     3.3262
7        0.1349     0.2080     0.2495     0.2970     0.3967     0.5248     0.7657     0.9109     2.3466
8        0.0133     0.0260     0.0319     0.0444     0.0681     0.0984     0.1415     0.1842     0.6117
9        0.0040     0.0134     0.0168     0.0267     0.0492     0.0749     0.1182     0.2000     1.0788
10        0.0002     0.0007     0.0010     0.0017     0.0040     0.0067     0.0107     0.0161     0.1205
11        0.0000     0.0002     0.0004     0.0007     0.0020     0.0033     0.0072     0.0116     0.1362
12        0.0000     0.0000     0.0001     0.0002     0.0007     0.0013     0.0025     0.0040     0.1049
13        0.0000     0.0000     0.0000     0.0000     0.0001     0.0001     0.0003     0.0004     0.0148
14        0.0000     0.0000     0.0000     0.0000     0.0000     0.0001     0.0001     0.0003     0.0171
15+       0.0000     0.0000     0.0000     0.0000     0.0000     0.0000     0.0000     0.0001     0.0169

2023

Age        1%         5%         10%        25%        50%        75%        90%        95%        99%    
1       68.6765    69.8362    77.4153   104.2731   172.2065   231.6268   266.4478   281.0537   315.3868
2       38.4234    41.6230    45.0793    61.0399   100.3683   134.2049   157.3302   167.6370   187.2449
3       42.8309    50.0269    53.8519    62.1213    75.6950    93.0266   111.8466   122.5559   139.7604
4       12.4526    15.8264    16.7991    18.3503    20.9720    24.0923    27.3932    29.5935    33.7821
5        6.0339     6.9526     7.5039     8.3390     9.3818    10.5886    12.0413    13.2492    16.0394
6        0.7782     1.0648     1.1889     1.3754     1.5901     1.8239     2.1384     2.3688     3.5844
7        0.2215     0.2703     0.2984     0.3780     0.4540     0.5610     0.7326     0.8561     1.4681
8        0.0630     0.0908     0.1071     0.1282     0.1717     0.2284     0.3308     0.3928     1.0359
9        0.0060     0.0117     0.0143     0.0199     0.0304     0.0442     0.0633     0.0830     0.2906
10        0.0020     0.0062     0.0077     0.0123     0.0227     0.0346     0.0547     0.0917     0.5195
11        0.0001     0.0003     0.0004     0.0008     0.0019     0.0031     0.0050     0.0076     0.0594
12        0.0000     0.0001     0.0002     0.0004     0.0010     0.0016     0.0034     0.0055     0.0702
13        0.0000     0.0000     0.0000     0.0001     0.0003     0.0006     0.0012     0.0019     0.0548
14        0.0000     0.0000     0.0000     0.0000     0.0000     0.0001     0.0001     0.0002     0.0077
15+       0.0000     0.0000     0.0000     0.0000     0.0000     0.0001     0.0001     0.0002     0.0173

2024

Age        1%         5%         10%        25%        50%        75%        90%        95%        99%    
1       68.6655    69.8562    77.0518   103.5553   172.4375   232.7629   265.9926   279.9096   316.2220
2       38.3152    41.3606    44.8297    60.7808   100.2369   134.5142   157.1606   166.8367   186.7034
3       18.5677    20.6565    22.4127    30.3131    49.7223    66.4625    78.8311    84.0071    94.8127
4       17.9918    21.1794    22.8343    26.4620    32.2712    39.7342    47.8574    52.6005    60.3656
5        5.0951     6.3330     6.7855     7.4739     8.5366     9.8497    11.2078    12.0903    13.9322
6        2.4317     2.8091     3.0364     3.3817     3.8115     4.3240     4.9265     5.4180     6.5872
7        0.3253     0.4404     0.4917     0.5724     0.6646     0.7644     0.8961     0.9929     1.4986
8        0.0954     0.1168     0.1295     0.1630     0.1965     0.2435     0.3192     0.3724     0.6421
9        0.0270     0.0406     0.0475     0.0575     0.0766     0.1027     0.1487     0.1751     0.4634
10        0.0029     0.0054     0.0066     0.0092     0.0140     0.0204     0.0291     0.0383     0.1384
11        0.0010     0.0029     0.0036     0.0058     0.0107     0.0164     0.0260     0.0433     0.2623
12        0.0000     0.0001     0.0002     0.0004     0.0009     0.0015     0.0024     0.0036     0.0286
13        0.0000     0.0001     0.0001     0.0002     0.0005     0.0008     0.0017     0.0027     0.0332
14        0.0000     0.0000     0.0000     0.0000     0.0002     0.0003     0.0006     0.0010     0.0272
15+       0.0000     0.0000     0.0000     0.0000     0.0000     0.0001     0.0001     0.0002     0.0130

2025

Age        1%         5%         10%        25%        50%        75%        90%        95%        99%    
1       68.7042    69.8226    77.1808   103.9645   171.6647   231.7202   265.7283   281.0244   317.6237
2       38.3774    41.6852    44.8729    60.8592   101.2937   136.6695   158.8700   169.2699   189.0552
3       16.9335    19.7172    21.7737    30.0754    51.2597    69.7826    84.5988    91.2770   103.3495
4        6.2568     7.7603     8.9075    12.6530    21.6926    30.0305    37.4625    41.0356    47.3198
5        5.6872     7.3533     8.3860    10.2713    13.1535    17.0699    21.2336    23.9672    28.5232
6        1.6909     2.1578     2.4182     2.8484     3.4131     4.0637     4.7820     5.2296     6.2417
7        0.8090     0.9980     1.1011     1.2934     1.5250     1.7914     2.0961     2.3323     2.8515
8        0.1180     0.1619     0.1854     0.2232     0.2689     0.3207     0.3857     0.4415     0.6492
9        0.0349     0.0446     0.0513     0.0652     0.0816     0.1030     0.1380     0.1616     0.2902
10        0.0111     0.0162     0.0187     0.0239     0.0326     0.0441     0.0658     0.0779     0.2110
11        0.0013     0.0022     0.0027     0.0039     0.0059     0.0089     0.0130     0.0168     0.0674
12        0.0005     0.0012     0.0015     0.0026     0.0046     0.0073     0.0119     0.0186     0.1188
13        0.0000     0.0001     0.0001     0.0002     0.0004     0.0007     0.0011     0.0017     0.0136
14        0.0000     0.0000     0.0000     0.0001     0.0002     0.0003     0.0008     0.0012     0.0160
15+       0.0000     0.0000     0.0000     0.0000     0.0001     0.0002     0.0003     0.0005     0.0203

Probability Spawning Stock Biomass Exceeds Threshold      3.660 (1000 MT)

Year    Probability

2021    0.000700
2022    0.000000
2023    0.023500
2024    0.053400
2025    0.095400

Probability Threshold Exceeded at Least Once =     0.1211

Probability Total Fishing Mortality Exceeds Threshold     0.5300 

Year    Probability

2021    1.000000
2022    1.000000
2023    1.000000
2024    0.846000
2025    0.800300

Probability Threshold Exceeded at Least Once =     1.0000


Requested Percentile Report

Percentile =    50.00 %

                                 2021       2022       2023       2024       2025 

Recruits                     172.4281   172.2065   172.4375   171.6647   171.3077 
Spawning Stock Biomass         1.4000     1.8779     2.4857     2.5234     2.4037 
Jan-1 Stock Biomass            9.1655     9.8876     9.8291     9.4728     9.3243 
Mean Biomass                   8.6106     8.8834     8.6339     8.3799     8.2501 
Combined Catch Biomass         2.1547     2.6847     2.7723     2.5000     2.5000 
Landings                       2.1547     2.6847     2.7723     2.5000     2.5000 
FMort                          0.6100     0.6100     0.6100     0.6538     0.6699 

Stock Numbers at Age
Age 1                        261.1480   172.4281   172.2065   172.4375   171.6647 
Age 2                        100.4175   152.1160   100.3683   100.2369   101.2937 
Age 3                         54.8765    49.3718    75.6950    49.7223    51.2597 
Age 4                          9.5330    23.0541    20.9720    32.2712    21.6926 
Age 5                          2.6907     3.9125     9.3818     8.5366    13.1535 
Age 6                          0.9665     1.0900     1.5901     3.8115     3.4131 
Age 7                          0.1591     0.3967     0.4540     0.6646     1.5250 
Age 8                          0.1092     0.0681     0.1717     0.1965     0.2689 
Age 9                          0.0085     0.0492     0.0304     0.0766     0.0816 
Age 10                          0.0043     0.0040     0.0227     0.0140     0.0326 
Age 11                          0.0014     0.0020     0.0019     0.0107     0.0059 
Age 12                          0.0001     0.0007     0.0010     0.0009     0.0046 
Age 13                          0.0000     0.0001     0.0003     0.0005     0.0004 
Age 14                          0.0000     0.0000     0.0000     0.0002     0.0002 
Age 15                          0.0000     0.0000     0.0000     0.0000     0.0001 
