AGEPRO VERSION 4.2

test_Det_SR_C2400

Date & Time of Run: 29 Jan 2024  17:09

Input File Name:    test_Det_SR_C2400.inp

First Age Class:                         1
Number of Age Classes:                  15
Number of Years in Projection:           5
Number of Fleets:                        9
Number of Recruitment Models:            1
Number of Bootstraps:                  100
Number of Simulations:                  10

Bootstrap File Name:            C:\Users\jon.brodziak\Desktop\2024 WCNPO MLS Rebuilding\Bootstrap-numbers-at-age\2023_WCNPOMLS.bsn

Number of Feasible Solutions:       1000  of       1000 Realizations

Input Harvest Scenario

Year  Type        Fleet-1    Fleet-2    Fleet-3    Fleet-4    Fleet-5    Fleet-6    Fleet-7    Fleet-8    Fleet-9    

2021  Landings        344        137        713         63        208         93        180        324        337 
2022  Landings        344        137        713         63        208         93        180        324        337 
2023  Landings        344        137        713         63        208         93        180        324        337 
2024  Landings        344        137        713         63        208         93        180        324        337 
2025  Landings        344        137        713         63        208         93        180        324        337 

Recruits        1000  Fish

Year Class   Average        StdDev
2021        244.8335       12.9344
2022        259.3976       13.1121
2023        274.5101       12.0679
2024        282.7135        8.9548
2025        288.3657        7.0368

Recruits Distribution

Year Class 1%         5%         10%        25%        50%        75%        90%        95%        99%    
2021   205.9880   226.0570   230.5487   236.2632   244.4448   253.4027   260.3703   264.6575   280.1291
2022   218.4963   236.8330   242.6050   251.8485   261.0145   267.9573   275.1588   277.4932   284.5691
2023   235.9755   252.1533   258.2181   267.7570   276.4051   282.8676   288.4957   291.5821   296.4594
2024   254.1483   266.6271   270.9796   278.1137   283.8574   288.6826   292.9729   295.2860   298.9279
2025   265.3750   275.5037   279.4086   284.6587   289.2689   293.1818   296.1236   298.0953   300.9061

Spawning Stock Biomass  x       1000 MT

Year       Average        StdDev
2021        2.4782        0.6145
2022        3.2783        0.8358
2023        4.6726        1.3671
2024        5.7250        1.4340
2025        6.7549        1.4889

Spawning Stock Biomass Distribution

Year        1%         5%         10%        25%        50%        75%        90%        95%        99%   
2021     1.3308     1.7667     1.8905     2.0668     2.3646     2.7724     3.1718     3.4660     5.0312 
2022     1.5826     2.0857     2.2923     2.6941     3.2133     3.7243     4.4151     4.6872     5.7207 
2023     2.0574     2.7092     3.0391     3.7077     4.5569     5.4379     6.4837     7.2228     8.7579 
2024     2.8112     3.6165     3.9904     4.7645     5.5993     6.5246     7.6076     8.3370     9.7846 
2025     3.5196     4.4536     4.9329     5.7363     6.6557     7.6686     8.6335     9.4144    10.7825 

JAN-1 Stock Biomass  x       1000 MT

Year       Average        StdDev
2021        9.2977        1.6054
2022       10.9081        1.8457
2023       12.5151        1.9674
2024       14.1181        2.0381
2025       15.6266        2.0747

JAN-1 Stock Biomass Distribution

Year       1%         5%         10%        25%        50%        75%        90%        95%        99%    
2021     6.2668     6.9579     7.3808     8.1494     9.1749    10.1324    11.5799    12.3075    13.9129 
2022     7.3097     8.1806     8.6383     9.5531    10.7860    11.9311    13.3990    14.3147    16.0309 
2023     8.2359     9.5219    10.0974    11.1142    12.4525    13.6873    15.0218    16.0656    17.8794 
2024     9.5479    10.8777    11.6148    12.7569    14.0906    15.3975    16.6462    17.6449    19.4786 
2025    10.6925    12.3053    13.0503    14.2632    15.6443    16.8791    18.1806    19.2017    20.7225 

Mean Biomass  x       1000 MT

Year       Average        StdDev
2021        8.6675        1.7022
2022       10.2201        1.8611
2023       11.7449        1.9436
2024       13.2696        2.0048
2025       14.6941        2.0379

Mean Biomass Distribution

Year       1%         5%         10%        25%        50%        75%        90%        95%        99%    
2021     5.5821     6.1572     6.5891     7.4388     8.5403     9.6033    11.0896    11.9162    13.1280 
2022     6.7388     7.4002     7.8568     8.9062    10.1047    11.2659    12.7960    13.6980    15.2775 
2023     7.8053     8.6551     9.2756    10.4031    11.6167    12.9296    14.3572    15.2760    16.6888 
2024     9.0580    10.0445    10.7025    11.9079    13.1757    14.5198    15.9015    16.7298    18.2348 
2025    10.2369    11.4698    12.1014    13.3122    14.5869    15.9847    17.3930    18.1371    19.7807 

Combined Catch Biomass  x       1000 MT

Year       Average        StdDev
2021        2.4000        0.0000
2022        2.4000        0.0000
2023        2.4000        0.0000
2024        2.4000        0.0000
2025        2.4000        0.0000

Combined Catch Distribution

Year       1%         5%         10%        25%        50%        75%        90%        95%        99%    
2021     2.4000     2.4000     2.4000     2.4000     2.4000     2.4000     2.4000     2.4000     2.4000 
2022     2.4000     2.4000     2.4000     2.4000     2.4000     2.4000     2.4000     2.4000     2.4000 
2023     2.4000     2.4000     2.4000     2.4000     2.4000     2.4000     2.4000     2.4000     2.4000 
2024     2.4000     2.4000     2.4000     2.4000     2.4000     2.4000     2.4000     2.4000     2.4000 
2025     2.4000     2.4000     2.4000     2.4000     2.4000     2.4000     2.4000     2.4000     2.4000 

Landings  x       1000 MT

Year       Average        StdDev
2021        2.4000        0.0000
2022        2.4000        0.0000
2023        2.4000        0.0000
2024        2.4000        0.0000
2025        2.4000        0.0000

Landings Distribution

Year       1%         5%         10%        25%        50%        75%        90%        95%        99%    
2021     2.4000     2.4000     2.4000     2.4000     2.4000     2.4000     2.4000     2.4000     2.4000 
2022     2.4000     2.4000     2.4000     2.4000     2.4000     2.4000     2.4000     2.4000     2.4000 
2023     2.4000     2.4000     2.4000     2.4000     2.4000     2.4000     2.4000     2.4000     2.4000 
2024     2.4000     2.4000     2.4000     2.4000     2.4000     2.4000     2.4000     2.4000     2.4000 
2025     2.4000     2.4000     2.4000     2.4000     2.4000     2.4000     2.4000     2.4000     2.4000 

Total Fishing Mortality

Year       Average        StdDev
2021        0.8900        0.1720
2022        0.6758        0.1610
2023        0.5248        0.1310
2024        0.4294        0.0987
2025        0.3652        0.0759

Total Fishing Mortality Distribution

Year       1%         5%         10%        25%        50%        75%        90%        95%        99%    
2021     0.4748     0.6352     0.6924     0.7720     0.8805     0.9907     1.0837     1.1542     1.4587 
2022     0.3896     0.4485     0.4840     0.5748     0.6470     0.7625     0.8887     0.9831     1.1691 
2023     0.2987     0.3422     0.3711     0.4402     0.5023     0.5988     0.7022     0.7761     0.9141 
2024     0.2587     0.2931     0.3186     0.3636     0.4132     0.4814     0.5557     0.6103     0.7307 
2025     0.2356     0.2653     0.2817     0.3152     0.3528     0.4052     0.4576     0.5043     0.6081 

JAN-1 Stock Numbers at Age  -       1000  Fish

2021

Age        1%         5%         10%        25%        50%        75%        90%        95%        99%    
1      140.2370   175.0900   184.8320   216.7130   261.1480   317.3690   385.6290   409.5080   464.9250
2       58.9389    77.9477    80.8620    85.4451   100.4175   112.5240   125.3470   138.4980   148.4390
3       34.1986    41.3466    43.5177    47.9381    54.8765    60.4455    67.3245    74.4817    84.8335
4        4.4701     6.3288     7.3712     8.3369     9.5330    10.8358    12.5169    14.0136    20.6054
5        1.2938     1.6031     1.7337     2.2441     2.6907     3.2695     4.2092     4.8898     7.4995
6        0.2917     0.4842     0.6024     0.6936     0.9665     1.2287     1.8234     2.1765     5.0518
7        0.0278     0.0584     0.0739     0.1025     0.1591     0.2261     0.3164     0.3996     1.3049
8        0.0082     0.0292     0.0370     0.0584     0.1092     0.1670     0.2575     0.4456     2.1858
9        0.0003     0.0014     0.0021     0.0035     0.0085     0.0144     0.0223     0.0334     0.2402
10        0.0001     0.0005     0.0007     0.0015     0.0043     0.0069     0.0143     0.0242     0.2609
11        0.0000     0.0001     0.0002     0.0004     0.0014     0.0028     0.0051     0.0082     0.1988
12        0.0000     0.0000     0.0000     0.0000     0.0001     0.0003     0.0005     0.0008     0.0280
13        0.0000     0.0000     0.0000     0.0000     0.0000     0.0002     0.0003     0.0005     0.0316
14        0.0000     0.0000     0.0000     0.0000     0.0000     0.0000     0.0001     0.0001     0.0183
15+       0.0000     0.0000     0.0000     0.0000     0.0000     0.0000     0.0000     0.0000     0.0127

2022

Age        1%         5%         10%        25%        50%        75%        90%        95%        99%    
1      205.9880   226.0570   230.5487   236.2632   244.4448   253.4027   260.3703   264.6575   280.1291
2       84.9825   101.0315   107.6121   124.9238   153.2643   187.4059   228.4481   246.9779   283.1352
3       25.3427    35.4512    37.8459    41.3260    48.6821    57.0142    64.2938    71.9576    81.6941
4       10.5401    14.2177    15.7578    18.1134    20.9619    25.3611    30.1008    33.9429    44.1501
5        1.3008     1.9300     2.3659     2.8307     3.3754     4.1002     5.1825     5.7090    10.2136
6        0.3552     0.4435     0.5210     0.7219     0.8899     1.1788     1.6634     1.9321     3.5466
7        0.0831     0.1511     0.1770     0.2256     0.3099     0.4489     0.7060     0.8497     2.5397
8        0.0094     0.0187     0.0238     0.0340     0.0520     0.0817     0.1263     0.1643     0.6414
9        0.0027     0.0092     0.0121     0.0205     0.0360     0.0618     0.1062     0.1763     1.1399
10        0.0001     0.0004     0.0007     0.0012     0.0029     0.0054     0.0092     0.0147     0.1235
11        0.0000     0.0002     0.0003     0.0006     0.0015     0.0026     0.0064     0.0096     0.1360
12        0.0000     0.0000     0.0001     0.0001     0.0005     0.0010     0.0021     0.0035     0.1038
13        0.0000     0.0000     0.0000     0.0000     0.0000     0.0001     0.0002     0.0003     0.0146
14        0.0000     0.0000     0.0000     0.0000     0.0000     0.0001     0.0001     0.0002     0.0171
15+       0.0000     0.0000     0.0000     0.0000     0.0000     0.0000     0.0000     0.0001     0.0170

2023

Age        1%         5%         10%        25%        50%        75%        90%        95%        99%    
1      218.4963   236.8330   242.6050   251.8485   261.0145   267.9573   275.1588   277.4932   284.5691
2      116.4375   126.9377   131.2403   138.4660   145.2264   153.2992   160.1870   163.5207   170.1523
3       37.6518    48.6952    53.3258    63.1748    81.1834    99.5302   124.2856   138.6178   163.3872
4        8.6748    13.4442    15.1838    17.6920    22.2205    26.8032    31.6403    35.7866    41.6699
5        3.1252     5.0592     5.7490     7.1142     8.9053    11.0645    13.9567    16.2072    22.0036
6        0.3558     0.6758     0.8306     1.0939     1.3496     1.7438     2.3294     2.6659     5.0500
7        0.1070     0.1477     0.1860     0.2638     0.3632     0.4976     0.7257     0.8889     1.8717
8        0.0266     0.0555     0.0621     0.0867     0.1289     0.1866     0.3144     0.3839     1.3128
9        0.0031     0.0071     0.0087     0.0135     0.0207     0.0349     0.0569     0.0766     0.3370
10        0.0010     0.0033     0.0048     0.0085     0.0149     0.0273     0.0497     0.0776     0.6397
11        0.0000     0.0002     0.0003     0.0005     0.0012     0.0024     0.0044     0.0068     0.0654
12        0.0000     0.0001     0.0001     0.0002     0.0006     0.0012     0.0030     0.0045     0.0731
13        0.0000     0.0000     0.0000     0.0001     0.0002     0.0005     0.0010     0.0016     0.0556
14        0.0000     0.0000     0.0000     0.0000     0.0000     0.0000     0.0001     0.0002     0.0083
15+       0.0000     0.0000     0.0000     0.0000     0.0000     0.0000     0.0001     0.0001     0.0190

2024

Age        1%         5%         10%        25%        50%        75%        90%        95%        99%    
1      235.9755   252.1533   258.2181   267.7570   276.4051   282.8676   288.4957   291.5821   296.4594
2      122.4843   134.0364   139.8138   148.1328   156.4054   163.8692   170.6573   174.0387   181.5906
3       55.8673    64.3676    67.5750    73.6788    79.6638    85.7596    92.1412    95.4574   102.3001
4       15.4479    20.7889    23.3931    29.5332    40.4054    51.4712    65.6285    73.7536    91.1740
5        3.1727     5.0881     6.3015     7.8917    10.4582    12.8495    16.1685    18.3235    21.5119
6        1.0685     1.9000     2.3287     3.0770     4.0765     5.2955     6.9202     8.1919    11.5291
7        0.1155     0.2640     0.3328     0.4699     0.6111     0.8396     1.1412     1.3343     2.6670
8        0.0402     0.0592     0.0756     0.1186     0.1676     0.2391     0.3535     0.4493     1.0294
9        0.0104     0.0215     0.0262     0.0384     0.0603     0.0889     0.1590     0.1998     0.7236
10        0.0012     0.0030     0.0036     0.0062     0.0098     0.0166     0.0293     0.0381     0.1951
11        0.0004     0.0014     0.0022     0.0038     0.0070     0.0132     0.0261     0.0383     0.3484
12        0.0000     0.0001     0.0001     0.0002     0.0006     0.0012     0.0023     0.0034     0.0375
13        0.0000     0.0000     0.0000     0.0001     0.0003     0.0006     0.0015     0.0024     0.0433
14        0.0000     0.0000     0.0000     0.0000     0.0001     0.0002     0.0005     0.0009     0.0333
15+       0.0000     0.0000     0.0000     0.0000     0.0000     0.0000     0.0001     0.0002     0.0160

2025

Age        1%         5%         10%        25%        50%        75%        90%        95%        99%    
1      254.1483   266.6271   270.9796   278.1137   283.8574   288.6826   292.9729   295.2860   298.9279
2      132.7785   143.6703   149.5343   157.6755   166.8271   174.3947   180.5305   183.8716   192.2889
3       60.9531    70.3095    73.8501    81.2183    87.9882    94.6099   100.3053   104.2883   110.1794
4       23.4612    29.2542    32.2377    36.4538    41.2880    45.8822    50.6626    52.8822    58.5538
5        5.9114     9.0617    10.4678    14.2057    20.1405    26.6377    35.1888    40.3710    50.0978
6        1.2112     2.1884     2.7619     3.6561     5.1568     6.5514     8.4894     9.6253    12.2182
7        0.4248     0.8150     1.0223     1.4154     2.0017     2.6683     3.6389     4.4181     6.3215
8        0.0463     0.1123     0.1509     0.2232     0.3063     0.4316     0.6044     0.7255     1.4605
9        0.0165     0.0261     0.0332     0.0580     0.0851     0.1231     0.1895     0.2443     0.5948
10        0.0044     0.0092     0.0122     0.0186     0.0305     0.0471     0.0829     0.1105     0.3790
11        0.0005     0.0013     0.0017     0.0031     0.0051     0.0087     0.0157     0.0202     0.1159
12        0.0002     0.0007     0.0011     0.0019     0.0036     0.0068     0.0140     0.0205     0.1981
13        0.0000     0.0000     0.0001     0.0001     0.0003     0.0006     0.0012     0.0018     0.0211
14        0.0000     0.0000     0.0000     0.0001     0.0002     0.0003     0.0008     0.0014     0.0263
15+       0.0000     0.0000     0.0000     0.0000     0.0001     0.0001     0.0003     0.0006     0.0302

Probability Spawning Stock Biomass Exceeds Threshold      3.000 (1000 MT)

Year    Probability

2021    0.157000
2022    0.616000
2023    0.906000
2024    0.982000
2025    0.998000

Probability Threshold Exceeded at Least Once =     0.9980

Probability Total Fishing Mortality Exceeds Threshold     0.6000 

Year    Probability

2021    0.971000
2022    0.672000
2023    0.249000
2024    0.056000
2025    0.012000

Probability Threshold Exceeded at Least Once =     0.9710


Requested Percentile Report

Percentile =    50.00 %

                                 2021       2022       2023       2024       2025 

Recruits                     244.4448   261.0145   276.4051   283.8574   289.2689 
Spawning Stock Biomass         2.3646     3.2133     4.5569     5.5993     6.6557 
Jan-1 Stock Biomass            9.1749    10.7860    12.4525    14.0906    15.6443 
Mean Biomass                   8.5403    10.1047    11.6167    13.1757    14.5869 
Combined Catch Biomass         2.4000     2.4000     2.4000     2.4000     2.4000 
Landings                       2.4000     2.4000     2.4000     2.4000     2.4000 
FMort                          0.8805     0.6470     0.5023     0.4132     0.3528 

Stock Numbers at Age
Age 1                        261.1480   244.4448   261.0145   276.4051   283.8574 
Age 2                        100.4175   153.2643   145.2264   156.4054   166.8271 
Age 3                         54.8765    48.6821    81.1834    79.6638    87.9882 
Age 4                          9.5330    20.9619    22.2205    40.4054    41.2880 
Age 5                          2.6907     3.3754     8.9053    10.4582    20.1405 
Age 6                          0.9665     0.8899     1.3496     4.0765     5.1568 
Age 7                          0.1591     0.3099     0.3632     0.6111     2.0017 
Age 8                          0.1092     0.0520     0.1289     0.1676     0.3063 
Age 9                          0.0085     0.0360     0.0207     0.0603     0.0851 
Age 10                          0.0043     0.0029     0.0149     0.0098     0.0305 
Age 11                          0.0014     0.0015     0.0012     0.0070     0.0051 
Age 12                          0.0001     0.0005     0.0006     0.0006     0.0036 
Age 13                          0.0000     0.0000     0.0002     0.0003     0.0003 
Age 14                          0.0000     0.0000     0.0000     0.0001     0.0002 
Age 15                          0.0000     0.0000     0.0000     0.0000     0.0001 
